Loading FPDF library from: /home/sairedd1/public_html/fpdf.php
Adding page for trade #8797 with chart trade_8797.png...
Adding page for trade #8794 with chart trade_8794.png...
Adding page for trade #8792 with chart trade_8792.png...
Adding page for trade #8791 with chart trade_8791.png...
Adding page for trade #8790 with chart trade_8790.png...
Adding page for trade #8789 with chart trade_8789.png...
Adding page for trade #8788 with chart trade_8788.png...
Adding page for trade #8787 with chart trade_8787.png...
Adding page for trade #8786 with chart trade_8786.png...
Adding page for trade #8785 with chart trade_8785.png...
Adding page for trade #8783 with chart trade_8783.png...
Adding page for trade #8781 with chart trade_8781.png...
Adding page for trade #8780 with chart trade_8780.png...
Adding page for trade #8779 with chart trade_8779.png...
Adding page for trade #8778 with chart trade_8778.png...
Adding page for trade #8776 with chart trade_8776.png...
Adding page for trade #8775 with chart trade_8775.png...
Adding page for trade #8773 with chart trade_8773.png...
Adding page for trade #8772 with chart trade_8772.png...
PDF compiled successfully with 19 page(s).
Saving PDF report to: /home/sairedd1/public_html/plot/trail/temp_images/daily_trades_20260720_161506.pdf
PDF saved successfully. File size: 206797 bytes.
Sending PDF report via Telegram Bot API to 19 subscribers...
Sending to chat ID #655708526... SUCCESS
Sending to chat ID #1445102332... SUCCESS
Sending to chat ID #6198316556... SUCCESS
Sending to chat ID #6261599610... SUCCESS
Sending to chat ID #7447069680... SUCCESS
Sending to chat ID #6203194826... SUCCESS
Sending to chat ID #6357544409... SUCCESS
Sending to chat ID #1298859545... SUCCESS
Sending to chat ID #6636073504... SUCCESS
Sending to chat ID #6387915397... FAILED: Forbidden: bot was blocked by the user
Sending to chat ID #5032504374... SUCCESS
Sending to chat ID #7007002720... SUCCESS
Sending to chat ID #6736994920... SUCCESS
Sending to chat ID #6464266454... SUCCESS
Sending to chat ID #5445758812... FAILED: Forbidden: bot was blocked by the user
Sending to chat ID #5616442538... SUCCESS
Sending to chat ID #5062174710... SUCCESS
Sending to chat ID #5969275283... FAILED: Bad Request: chat not found
Sending to chat ID #8127293390... SUCCESS
Marking trades completed. Headless broadcast finished! Sent: 16 message(s).
{"success":true,"sent_count":16}Loading FPDF library from: /home/sairedd1/public_html/fpdf.php
Adding page for trade #8822 with chart trade_8822.png...
Adding page for trade #8819 with chart trade_8819.png...
Adding page for trade #8816 with chart trade_8816.png...
Adding page for trade #8815 with chart trade_8815.png...
Adding page for trade #8813 with chart trade_8813.png...
Adding page for trade #8812 with chart trade_8812.png...
Adding page for trade #8810 with chart trade_8810.png...
Adding page for trade #8807 with chart trade_8807.png...
Adding page for trade #8805 with chart trade_8805.png...
PDF compiled successfully with 9 page(s).
Saving PDF report to: /home/sairedd1/public_html/plot/trail/temp_images/daily_trades_20260721_161505.pdf
PDF saved successfully. File size: 95374 bytes.
Sending PDF report via Telegram Bot API to 19 subscribers...
Sending to chat ID #655708526... SUCCESS
Sending to chat ID #1445102332... SUCCESS
Sending to chat ID #6198316556... SUCCESS
Sending to chat ID #6261599610... SUCCESS
Sending to chat ID #7447069680... SUCCESS
Sending to chat ID #6203194826... SUCCESS
Sending to chat ID #6357544409... SUCCESS
Sending to chat ID #1298859545... SUCCESS
Sending to chat ID #6636073504... SUCCESS
Sending to chat ID #6387915397... FAILED: Forbidden: bot was blocked by the user
Sending to chat ID #5032504374... SUCCESS
Sending to chat ID #7007002720... SUCCESS
Sending to chat ID #6736994920... SUCCESS
Sending to chat ID #6464266454... SUCCESS
Sending to chat ID #5445758812... FAILED: Forbidden: bot was blocked by the user
Sending to chat ID #5616442538... SUCCESS
Sending to chat ID #5062174710... SUCCESS
Sending to chat ID #5969275283... FAILED: Bad Request: chat not found
Sending to chat ID #8127293390... SUCCESS
Marking trades completed. Headless broadcast finished! Sent: 16 message(s).
{"success":true,"sent_count":16}Loading FPDF library from: /home/sairedd1/public_html/fpdf.php
Adding page for trade #8846 with chart trade_8846.png...
Adding page for trade #8845 with chart trade_8845.png...
Adding page for trade #8843 with chart trade_8843.png...
Adding page for trade #8841 with chart trade_8841.png...
Adding page for trade #8837 with chart trade_8837.png...
Adding page for trade #8836 with chart trade_8836.png...
Adding page for trade #8835 with chart trade_8835.png...
Adding page for trade #8834 with chart trade_8834.png...
Adding page for trade #8832 with chart trade_8832.png...
Adding page for trade #8830 with chart trade_8830.png...
Adding page for trade #8829 with chart trade_8829.png...
Adding page for trade #8828 with chart trade_8828.png...
Adding page for trade #8827 with chart trade_8827.png...
Adding page for trade #8826 with chart trade_8826.png...
PDF compiled successfully with 14 page(s).
Saving PDF report to: /home/sairedd1/public_html/plot/trail/temp_images/daily_trades_20260722_161505.pdf
PDF saved successfully. File size: 154305 bytes.
Sending PDF report via Telegram Bot API to 19 subscribers...
Sending to chat ID #655708526... SUCCESS
Sending to chat ID #1445102332... SUCCESS
Sending to chat ID #6198316556... SUCCESS
Sending to chat ID #6261599610... SUCCESS
Sending to chat ID #7447069680... SUCCESS
Sending to chat ID #6203194826... SUCCESS
Sending to chat ID #6357544409... SUCCESS
Sending to chat ID #1298859545... SUCCESS
Sending to chat ID #6636073504... SUCCESS
Sending to chat ID #6387915397... FAILED: Forbidden: bot was blocked by the user
Sending to chat ID #5032504374... SUCCESS
Sending to chat ID #7007002720... SUCCESS
Sending to chat ID #6736994920... SUCCESS
Sending to chat ID #6464266454... SUCCESS
Sending to chat ID #5445758812... FAILED: Forbidden: bot was blocked by the user
Sending to chat ID #5616442538... SUCCESS
Sending to chat ID #5062174710... SUCCESS
Sending to chat ID #5969275283... FAILED: Bad Request: chat not found
Sending to chat ID #8127293390... SUCCESS
Marking trades completed. Headless broadcast finished! Sent: 16 message(s).
{"success":true,"sent_count":16}Loading FPDF library from: /home/sairedd1/public_html/fpdf.php
Adding page for trade #8870 with chart trade_8870.png...
Adding page for trade #8867 with chart trade_8867.png...
Adding page for trade #8866 with chart trade_8866.png...
Adding page for trade #8865 with chart trade_8865.png...
Adding page for trade #8864 with chart trade_8864.png...
Adding page for trade #8863 with chart trade_8863.png...
Adding page for trade #8862 with chart trade_8862.png...
Adding page for trade #8861 with chart trade_8861.png...
Adding page for trade #8857 with chart trade_8857.png...
Adding page for trade #8856 with chart trade_8856.png...
Adding page for trade #8855 with chart trade_8855.png...
Adding page for trade #8854 with chart trade_8854.png...
Adding page for trade #8853 with chart trade_8853.png...
Adding page for trade #8852 with chart trade_8852.png...
Adding page for trade #8851 with chart trade_8851.png...
Adding page for trade #8849 with chart trade_8849.png...
Adding page for trade #8848 with chart trade_8848.png...
PDF compiled successfully with 17 page(s).
Saving PDF report to: /home/sairedd1/public_html/plot/trail/temp_images/daily_trades_20260723_161504.pdf
PDF saved successfully. File size: 184403 bytes.
Sending PDF report via Telegram Bot API to 19 subscribers...
Sending to chat ID #655708526... SUCCESS
Sending to chat ID #1445102332... SUCCESS
Sending to chat ID #6198316556... SUCCESS
Sending to chat ID #6261599610... SUCCESS
Sending to chat ID #7447069680... SUCCESS
Sending to chat ID #6203194826... SUCCESS
Sending to chat ID #6357544409... SUCCESS
Sending to chat ID #1298859545... SUCCESS
Sending to chat ID #6636073504... SUCCESS
Sending to chat ID #6387915397... FAILED: Forbidden: bot was blocked by the user
Sending to chat ID #5032504374... SUCCESS
Sending to chat ID #7007002720... SUCCESS
Sending to chat ID #6736994920... SUCCESS
Sending to chat ID #6464266454... SUCCESS
Sending to chat ID #5445758812... FAILED: Forbidden: bot was blocked by the user
Sending to chat ID #5616442538... SUCCESS
Sending to chat ID #5062174710... SUCCESS
Sending to chat ID #5969275283... FAILED: Bad Request: chat not found
Sending to chat ID #8127293390... SUCCESS
Marking trades completed. Headless broadcast finished! Sent: 16 message(s).
{"success":true,"sent_count":16}Loading FPDF library from: /home/sairedd1/public_html/fpdf.php
Adding page for trade #8884 with chart trade_8884.png...
Adding page for trade #8883 with chart trade_8883.png...
Adding page for trade #8882 with chart trade_8882.png...
Adding page for trade #8879 with chart trade_8879.png...
Adding page for trade #8877 with chart trade_8877.png...
Adding page for trade #8876 with chart trade_8876.png...
Adding page for trade #8875 with chart trade_8875.png...
PDF compiled successfully with 7 page(s).
Saving PDF report to: /home/sairedd1/public_html/plot/trail/temp_images/daily_trades_20260724_161504.pdf
PDF saved successfully. File size: 75523 bytes.
Sending PDF report via Telegram Bot API to 19 subscribers...
Sending to chat ID #655708526... SUCCESS
Sending to chat ID #1445102332... SUCCESS
Sending to chat ID #6198316556... SUCCESS
Sending to chat ID #6261599610... SUCCESS
Sending to chat ID #7447069680... SUCCESS
Sending to chat ID #6203194826... SUCCESS
Sending to chat ID #6357544409... SUCCESS
Sending to chat ID #1298859545... SUCCESS
Sending to chat ID #6636073504... SUCCESS
Sending to chat ID #6387915397... FAILED: Forbidden: bot was blocked by the user
Sending to chat ID #5032504374... SUCCESS
Sending to chat ID #7007002720... SUCCESS
Sending to chat ID #6736994920... SUCCESS
Sending to chat ID #6464266454... SUCCESS
Sending to chat ID #5445758812... FAILED: Forbidden: bot was blocked by the user
Sending to chat ID #5616442538... SUCCESS
Sending to chat ID #5062174710... SUCCESS
Sending to chat ID #5969275283... FAILED: Bad Request: chat not found
Sending to chat ID #8127293390... SUCCESS
Marking trades completed. Headless broadcast finished! Sent: 16 message(s).
{"success":true,"sent_count":16}Loading FPDF library from: /home/sairedd1/public_html/fpdf.php
Adding page for trade #8916 with chart trade_8916.png...
Adding page for trade #8915 with chart trade_8915.png...
Adding page for trade #8914 with chart trade_8914.png...
Adding page for trade #8912 with chart trade_8912.png...
Adding page for trade #8909 with chart trade_8909.png...
Adding page for trade #8907 with chart trade_8907.png...
Adding page for trade #8906 with chart trade_8906.png...
Adding page for trade #8905 with chart trade_8905.png...
Adding page for trade #8904 with chart trade_8904.png...
Adding page for trade #8902 with chart trade_8902.png...
Adding page for trade #8900 with chart trade_8900.png...
Adding page for trade #8898 with chart trade_8898.png...
Adding page for trade #8895 with chart trade_8895.png...
PDF compiled successfully with 13 page(s).
Saving PDF report to: /home/sairedd1/public_html/plot/trail/temp_images/daily_trades_20260727_161505.pdf
PDF saved successfully. File size: 144104 bytes.
Sending PDF report via Telegram Bot API to 19 subscribers...
Sending to chat ID #655708526... SUCCESS
Sending to chat ID #1445102332... SUCCESS
Sending to chat ID #6198316556... SUCCESS
Sending to chat ID #6261599610... SUCCESS
Sending to chat ID #7447069680... SUCCESS
Sending to chat ID #6203194826... SUCCESS
Sending to chat ID #6357544409... SUCCESS
Sending to chat ID #1298859545... SUCCESS
Sending to chat ID #6636073504... SUCCESS
Sending to chat ID #6387915397... FAILED: Forbidden: bot was blocked by the user
Sending to chat ID #5032504374... SUCCESS
Sending to chat ID #7007002720... SUCCESS
Sending to chat ID #6736994920... SUCCESS
Sending to chat ID #6464266454... SUCCESS
Sending to chat ID #5445758812... FAILED: Forbidden: bot was blocked by the user
Sending to chat ID #5616442538... SUCCESS
Sending to chat ID #5062174710... SUCCESS
Sending to chat ID #5969275283... FAILED: Bad Request: chat not found
Sending to chat ID #8127293390... SUCCESS
Marking trades completed. Headless broadcast finished! Sent: 16 message(s).
{"success":true,"sent_count":16}Loading FPDF library from: /home/sairedd1/public_html/fpdf.php
Adding page for trade #8936 with chart trade_8936.png...
Adding page for trade #8933 with chart trade_8933.png...
Adding page for trade #8931 with chart trade_8931.png...
Adding page for trade #8930 with chart trade_8930.png...
Adding page for trade #8929 with chart trade_8929.png...
Adding page for trade #8928 with chart trade_8928.png...
Adding page for trade #8927 with chart trade_8927.png...
Adding page for trade #8926 with chart trade_8926.png...
Adding page for trade #8925 with chart trade_8925.png...
Adding page for trade #8924 with chart trade_8924.png...
Adding page for trade #8923 with chart trade_8923.png...
Adding page for trade #8922 with chart trade_8922.png...
PDF compiled successfully with 12 page(s).
Saving PDF report to: /home/sairedd1/public_html/plot/trail/temp_images/daily_trades_20260728_161505.pdf
PDF saved successfully. File size: 124751 bytes.
Sending PDF report via Telegram Bot API to 19 subscribers...
Sending to chat ID #655708526... SUCCESS
Sending to chat ID #1445102332... SUCCESS
Sending to chat ID #6198316556... SUCCESS
Sending to chat ID #6261599610... SUCCESS
Sending to chat ID #7447069680... SUCCESS
Sending to chat ID #6203194826... SUCCESS
Sending to chat ID #6357544409... SUCCESS
Sending to chat ID #1298859545... SUCCESS
Sending to chat ID #6636073504... FAILED: Forbidden: bot was blocked by the user
Sending to chat ID #6387915397... FAILED: Forbidden: bot was blocked by the user
Sending to chat ID #5032504374... SUCCESS
Sending to chat ID #7007002720... SUCCESS
Sending to chat ID #6736994920... SUCCESS
Sending to chat ID #6464266454... SUCCESS
Sending to chat ID #5445758812... FAILED: Forbidden: bot was blocked by the user
Sending to chat ID #5616442538... SUCCESS
Sending to chat ID #5062174710... SUCCESS
Sending to chat ID #5969275283... FAILED: Bad Request: chat not found
Sending to chat ID #8127293390... SUCCESS
Marking trades completed. Headless broadcast finished! Sent: 15 message(s).
{"success":true,"sent_count":15}Loading FPDF library from: /home/sairedd1/public_html/fpdf.php
Adding page for trade #8946 with chart trade_8946.png...
Adding page for trade #8945 with chart trade_8945.png...
Adding page for trade #8943 with chart trade_8943.png...
Adding page for trade #8942 with chart trade_8942.png...
Adding page for trade #8940 with chart trade_8940.png...
PDF compiled successfully with 5 page(s).
Saving PDF report to: /home/sairedd1/public_html/plot/trail/temp_images/daily_trades_20260729_161504.pdf
PDF saved successfully. File size: 55889 bytes.
Sending PDF report via Telegram Bot API to 19 subscribers...
Sending to chat ID #655708526... SUCCESS
Sending to chat ID #1445102332... SUCCESS
Sending to chat ID #6198316556... SUCCESS
Sending to chat ID #6261599610... SUCCESS
Sending to chat ID #7447069680... SUCCESS
Sending to chat ID #6203194826... SUCCESS
Sending to chat ID #6357544409... SUCCESS
Sending to chat ID #1298859545... SUCCESS
Sending to chat ID #6636073504... FAILED: Forbidden: bot was blocked by the user
Sending to chat ID #6387915397... FAILED: Forbidden: bot was blocked by the user
Sending to chat ID #5032504374... SUCCESS
Sending to chat ID #7007002720... SUCCESS
Sending to chat ID #6736994920... SUCCESS
Sending to chat ID #6464266454... SUCCESS
Sending to chat ID #5445758812... FAILED: Forbidden: bot was blocked by the user
Sending to chat ID #5616442538... SUCCESS
Sending to chat ID #5062174710... SUCCESS
Sending to chat ID #5969275283... FAILED: Bad Request: chat not found
Sending to chat ID #8127293390... SUCCESS
Marking trades completed. Headless broadcast finished! Sent: 15 message(s).
{"success":true,"sent_count":15}Loading FPDF library from: /home/sairedd1/public_html/fpdf.php
Adding page for trade #8973 with chart trade_8973.png...
Adding page for trade #8970 with chart trade_8970.png...
Adding page for trade #8964 with chart trade_8964.png...
Adding page for trade #8961 with chart trade_8961.png...
PDF compiled successfully with 4 page(s).
Saving PDF report to: /home/sairedd1/public_html/plot/trail/temp_images/daily_trades_20260730_161504.pdf
PDF saved successfully. File size: 42100 bytes.
Sending PDF report via Telegram Bot API to 19 subscribers...
Sending to chat ID #655708526... SUCCESS
Sending to chat ID #1445102332... SUCCESS
Sending to chat ID #6198316556... SUCCESS
Sending to chat ID #6261599610... SUCCESS
Sending to chat ID #7447069680... SUCCESS
Sending to chat ID #6203194826... SUCCESS
Sending to chat ID #6357544409... SUCCESS
Sending to chat ID #1298859545... SUCCESS
Sending to chat ID #6636073504... FAILED: Forbidden: bot was blocked by the user
Sending to chat ID #6387915397... FAILED: Forbidden: bot was blocked by the user
Sending to chat ID #5032504374... SUCCESS
Sending to chat ID #7007002720... SUCCESS
Sending to chat ID #6736994920... SUCCESS
Sending to chat ID #6464266454... SUCCESS
Sending to chat ID #5445758812... FAILED: Forbidden: bot was blocked by the user
Sending to chat ID #5616442538... SUCCESS
Sending to chat ID #5062174710... SUCCESS
Sending to chat ID #5969275283... FAILED: Bad Request: chat not found
Sending to chat ID #8127293390... SUCCESS
Marking trades completed. Headless broadcast finished! Sent: 15 message(s).
{"success":true,"sent_count":15}Loading FPDF library from: /home/sairedd1/public_html/fpdf.php
Adding page for trade #8996 with chart trade_8996.png...
Adding page for trade #8993 with chart trade_8993.png...
Adding page for trade #8990 with chart trade_8990.png...
Adding page for trade #8989 with chart trade_8989.png...
Adding page for trade #8988 with chart trade_8988.png...
Adding page for trade #8987 with chart trade_8987.png...
Adding page for trade #8986 with chart trade_8986.png...
Adding page for trade #8984 with chart trade_8984.png...
Adding page for trade #8983 with chart trade_8983.png...
Adding page for trade #8981 with chart trade_8981.png...
Adding page for trade #8978 with chart trade_8978.png...
Adding page for trade #8977 with chart trade_8977.png...
PDF compiled successfully with 12 page(s).
Saving PDF report to: /home/sairedd1/public_html/plot/trail/temp_images/daily_trades_20260731_161504.pdf
PDF saved successfully. File size: 129241 bytes.
Sending PDF report via Telegram Bot API to 19 subscribers...
Sending to chat ID #655708526... SUCCESS
Sending to chat ID #1445102332... SUCCESS
Sending to chat ID #6198316556... SUCCESS
Sending to chat ID #6261599610... SUCCESS
Sending to chat ID #7447069680... SUCCESS
Sending to chat ID #6203194826... SUCCESS
Sending to chat ID #6357544409... SUCCESS
Sending to chat ID #1298859545... SUCCESS
Sending to chat ID #6636073504... FAILED: Forbidden: bot was blocked by the user
Sending to chat ID #6387915397... FAILED: Forbidden: bot was blocked by the user
Sending to chat ID #5032504374... SUCCESS
Sending to chat ID #7007002720... SUCCESS
Sending to chat ID #6736994920... SUCCESS
Sending to chat ID #6464266454... SUCCESS
Sending to chat ID #5445758812... FAILED: Forbidden: bot was blocked by the user
Sending to chat ID #5616442538... SUCCESS
Sending to chat ID #5062174710... SUCCESS
Sending to chat ID #5969275283... FAILED: Bad Request: chat not found
Sending to chat ID #8127293390... SUCCESS
Marking trades completed. Headless broadcast finished! Sent: 15 message(s).
{"success":true,"sent_count":15}Loading FPDF library from: /home/sairedd1/public_html/fpdf.php
Adding page for trade #9004 with chart trade_9004.png...
Adding page for trade #9003 with chart trade_9003.png...
Adding page for trade #9001 with chart trade_9001.png...
Adding page for trade #8998 with chart trade_8998.png...
Adding page for trade #8997 with chart trade_8997.png...
PDF compiled successfully with 5 page(s).
Saving PDF report to: /home/sairedd1/public_html/plot/trail/temp_images/daily_trades_20260803_161504.pdf
PDF saved successfully. File size: 54879 bytes.
Sending PDF report via Telegram Bot API to 19 subscribers...
Sending to chat ID #655708526... SUCCESS
Sending to chat ID #1445102332... SUCCESS
Sending to chat ID #6198316556... SUCCESS
Sending to chat ID #6261599610... SUCCESS
Sending to chat ID #7447069680... SUCCESS
Sending to chat ID #6203194826... SUCCESS
Sending to chat ID #6357544409... SUCCESS
Sending to chat ID #1298859545... SUCCESS
Sending to chat ID #6636073504... FAILED: Forbidden: bot was blocked by the user
Sending to chat ID #6387915397... FAILED: Forbidden: bot was blocked by the user
Sending to chat ID #5032504374... SUCCESS
Sending to chat ID #7007002720... SUCCESS
Sending to chat ID #6736994920... SUCCESS
Sending to chat ID #6464266454... SUCCESS
Sending to chat ID #5445758812... FAILED: Forbidden: bot was blocked by the user
Sending to chat ID #5616442538... SUCCESS
Sending to chat ID #5062174710... SUCCESS
Sending to chat ID #5969275283... FAILED: Bad Request: chat not found
Sending to chat ID #8127293390... SUCCESS
Marking trades completed. Headless broadcast finished! Sent: 15 message(s).
{"success":true,"sent_count":15}Loading FPDF library from: /home/sairedd1/public_html/fpdf.php
Adding page for trade #9017 with chart trade_9017.png...
Adding page for trade #9016 with chart trade_9016.png...
Adding page for trade #9014 with chart trade_9014.png...
Adding page for trade #9013 with chart trade_9013.png...
Adding page for trade #9011 with chart trade_9011.png...
PDF compiled successfully with 5 page(s).
Saving PDF report to: /home/sairedd1/public_html/plot/trail/temp_images/daily_trades_20260805_161504.pdf
PDF saved successfully. File size: 53067 bytes.
Sending PDF report via Telegram Bot API to 19 subscribers...
Sending to chat ID #655708526... SUCCESS
Sending to chat ID #1445102332... SUCCESS
Sending to chat ID #6198316556... SUCCESS
Sending to chat ID #6261599610... SUCCESS
Sending to chat ID #7447069680... SUCCESS
Sending to chat ID #6203194826... SUCCESS
Sending to chat ID #6357544409... SUCCESS
Sending to chat ID #1298859545... SUCCESS
Sending to chat ID #6636073504... FAILED: Forbidden: bot was blocked by the user
Sending to chat ID #6387915397... FAILED: Forbidden: bot was blocked by the user
Sending to chat ID #5032504374... SUCCESS
Sending to chat ID #7007002720... SUCCESS
Sending to chat ID #6736994920... SUCCESS
Sending to chat ID #6464266454... SUCCESS
Sending to chat ID #5445758812... FAILED: Forbidden: bot was blocked by the user
Sending to chat ID #5616442538... SUCCESS
Sending to chat ID #5062174710... SUCCESS
Sending to chat ID #5969275283... FAILED: Bad Request: chat not found
Sending to chat ID #8127293390... SUCCESS
Marking trades completed. Headless broadcast finished! Sent: 15 message(s).
{"success":true,"sent_count":15}Loading FPDF library from: /home/sairedd1/public_html/fpdf.php
Adding page for trade #9025 with chart trade_9025.png...
PDF compiled successfully with 1 page(s).
Saving PDF report to: /home/sairedd1/public_html/plot/trail/temp_images/daily_trades_20260806_161503.pdf
PDF saved successfully. File size: 11308 bytes.
Sending PDF report via Telegram Bot API to 19 subscribers...
Sending to chat ID #655708526... SUCCESS
Sending to chat ID #1445102332... SUCCESS
Sending to chat ID #6198316556... SUCCESS
Sending to chat ID #6261599610... SUCCESS
Sending to chat ID #7447069680... SUCCESS
Sending to chat ID #6203194826... SUCCESS
Sending to chat ID #6357544409... SUCCESS
Sending to chat ID #1298859545... SUCCESS
Sending to chat ID #6636073504... FAILED: Forbidden: bot was blocked by the user
Sending to chat ID #6387915397... FAILED: Forbidden: bot was blocked by the user
Sending to chat ID #5032504374... SUCCESS
Sending to chat ID #7007002720... SUCCESS
Sending to chat ID #6736994920... SUCCESS
Sending to chat ID #6464266454... SUCCESS
Sending to chat ID #5445758812... FAILED: Forbidden: bot was blocked by the user
Sending to chat ID #5616442538... SUCCESS
Sending to chat ID #5062174710... SUCCESS
Sending to chat ID #5969275283... FAILED: Bad Request: chat not found
Sending to chat ID #8127293390... SUCCESS
Marking trades completed. Headless broadcast finished! Sent: 15 message(s).
{"success":true,"sent_count":15}Loading FPDF library from: /home/sairedd1/public_html/fpdf.php
Adding page for trade #9068 with chart trade_9068.png...
Adding page for trade #9066 with chart trade_9066.png...
Adding page for trade #9065 with chart trade_9065.png...
Adding page for trade #9063 with chart trade_9063.png...
Adding page for trade #9062 with chart trade_9062.png...
Adding page for trade #9061 with chart trade_9061.png...
Adding page for trade #9060 with chart trade_9060.png...
Adding page for trade #9059 with chart trade_9059.png...
Adding page for trade #9058 with chart trade_9058.png...
Adding page for trade #9056 with chart trade_9056.png...
Adding page for trade #9054 with chart trade_9054.png...
Adding page for trade #9049 with chart trade_9049.png...
Adding page for trade #9048 with chart trade_9048.png...
Adding page for trade #9047 with chart trade_9047.png...
Adding page for trade #9046 with chart trade_9046.png...
Adding page for trade #9045 with chart trade_9045.png...
Adding page for trade #9043 with chart trade_9043.png...
Adding page for trade #9042 with chart trade_9042.png...
Adding page for trade #9041 with chart trade_9041.png...
Adding page for trade #9040 with chart trade_9040.png...
Adding page for trade #9038 with chart trade_9038.png...
Adding page for trade #9037 with chart trade_9037.png...
Adding page for trade #9033 with chart trade_9033.png...
PDF compiled successfully with 23 page(s).
Saving PDF report to: /home/sairedd1/public_html/plot/trail/temp_images/daily_trades_20260810_161506.pdf
PDF saved successfully. File size: 252327 bytes.
Sending PDF report via Telegram Bot API to 19 subscribers...
Sending to chat ID #655708526... SUCCESS
Sending to chat ID #1445102332... SUCCESS
Sending to chat ID #6198316556... SUCCESS
Sending to chat ID #6261599610... SUCCESS
Sending to chat ID #7447069680... SUCCESS
Sending to chat ID #6203194826... SUCCESS
Sending to chat ID #6357544409... SUCCESS
Sending to chat ID #1298859545... SUCCESS
Sending to chat ID #6636073504... FAILED: Forbidden: bot was blocked by the user
Sending to chat ID #6387915397... FAILED: Forbidden: bot was blocked by the user
Sending to chat ID #5032504374... SUCCESS
Sending to chat ID #7007002720... SUCCESS
Sending to chat ID #6736994920... SUCCESS
Sending to chat ID #6464266454... SUCCESS
Sending to chat ID #5445758812... FAILED: Forbidden: bot was blocked by the user
Sending to chat ID #5616442538... SUCCESS
Sending to chat ID #5062174710... SUCCESS
Sending to chat ID #5969275283... FAILED: Bad Request: chat not found
Sending to chat ID #8127293390... SUCCESS
Marking trades completed. Headless broadcast finished! Sent: 15 message(s).
{"success":true,"sent_count":15}Loading FPDF library from: /home/sairedd1/public_html/fpdf.php
Adding page for trade #9100 with chart trade_9100.png...
Adding page for trade #9096 with chart trade_9096.png...
Adding page for trade #9095 with chart trade_9095.png...
Adding page for trade #9092 with chart trade_9092.png...
Adding page for trade #9091 with chart trade_9091.png...
Adding page for trade #9088 with chart trade_9088.png...
Adding page for trade #9086 with chart trade_9086.png...
Adding page for trade #9085 with chart trade_9085.png...
Adding page for trade #9084 with chart trade_9084.png...
Adding page for trade #9083 with chart trade_9083.png...
Adding page for trade #9081 with chart trade_9081.png...
Adding page for trade #9079 with chart trade_9079.png...
Adding page for trade #9077 with chart trade_9077.png...
Adding page for trade #9076 with chart trade_9076.png...
Adding page for trade #9074 with chart trade_9074.png...
PDF compiled successfully with 15 page(s).
Saving PDF report to: /home/sairedd1/public_html/plot/trail/temp_images/daily_trades_20260811_161505.pdf
PDF saved successfully. File size: 165495 bytes.
Sending PDF report via Telegram Bot API to 19 subscribers...
Sending to chat ID #655708526... SUCCESS
Sending to chat ID #1445102332... SUCCESS
Sending to chat ID #6198316556... SUCCESS
Sending to chat ID #6261599610... SUCCESS
Sending to chat ID #7447069680... SUCCESS
Sending to chat ID #6203194826... SUCCESS
Sending to chat ID #6357544409... SUCCESS
Sending to chat ID #1298859545... SUCCESS
Sending to chat ID #6636073504... FAILED: Forbidden: bot was blocked by the user
Sending to chat ID #6387915397... FAILED: Forbidden: bot was blocked by the user
Sending to chat ID #5032504374... SUCCESS
Sending to chat ID #7007002720... SUCCESS
Sending to chat ID #6736994920... SUCCESS
Sending to chat ID #6464266454... SUCCESS
Sending to chat ID #5445758812... FAILED: Forbidden: bot was blocked by the user
Sending to chat ID #5616442538... SUCCESS
Sending to chat ID #5062174710... SUCCESS
Sending to chat ID #5969275283... FAILED: Bad Request: chat not found
Sending to chat ID #8127293390... SUCCESS
Marking trades completed. Headless broadcast finished! Sent: 15 message(s).
{"success":true,"sent_count":15}Loading FPDF library from: /home/sairedd1/public_html/fpdf.php
Adding page for trade #9117 with chart trade_9117.png...
Adding page for trade #9116 with chart trade_9116.png...
Adding page for trade #9110 with chart trade_9110.png...
Adding page for trade #9109 with chart trade_9109.png...
Adding page for trade #9108 with chart trade_9108.png...
Adding page for trade #9102 with chart trade_9102.png...
PDF compiled successfully with 6 page(s).
Saving PDF report to: /home/sairedd1/public_html/plot/trail/temp_images/daily_trades_20260812_161504.pdf
PDF saved successfully. File size: 65545 bytes.
Sending PDF report via Telegram Bot API to 19 subscribers...
Sending to chat ID #655708526... SUCCESS
Sending to chat ID #1445102332... SUCCESS
Sending to chat ID #6198316556... SUCCESS
Sending to chat ID #6261599610... SUCCESS
Sending to chat ID #7447069680... SUCCESS
Sending to chat ID #6203194826... SUCCESS
Sending to chat ID #6357544409... SUCCESS
Sending to chat ID #1298859545... SUCCESS
Sending to chat ID #6636073504... FAILED: Forbidden: bot was blocked by the user
Sending to chat ID #6387915397... FAILED: Forbidden: bot was blocked by the user
Sending to chat ID #5032504374... SUCCESS
Sending to chat ID #7007002720... SUCCESS
Sending to chat ID #6736994920... SUCCESS
Sending to chat ID #6464266454... SUCCESS
Sending to chat ID #5445758812... FAILED: Forbidden: bot was blocked by the user
Sending to chat ID #5616442538... SUCCESS
Sending to chat ID #5062174710... SUCCESS
Sending to chat ID #5969275283... FAILED: Bad Request: chat not found
Sending to chat ID #8127293390... SUCCESS
Marking trades completed. Headless broadcast finished! Sent: 15 message(s).
{"success":true,"sent_count":15}Loading FPDF library from: /home/sairedd1/public_html/fpdf.php
Adding page for trade #9141 with chart trade_9141.png...
Adding page for trade #9140 with chart trade_9140.png...
Adding page for trade #9138 with chart trade_9138.png...
Adding page for trade #9136 with chart trade_9136.png...
Adding page for trade #9135 with chart trade_9135.png...
Adding page for trade #9134 with chart trade_9134.png...
Adding page for trade #9132 with chart trade_9132.png...
Adding page for trade #9131 with chart trade_9131.png...
Adding page for trade #9130 with chart trade_9130.png...
Adding page for trade #9125 with chart trade_9125.png...
Adding page for trade #9124 with chart trade_9124.png...
Adding page for trade #9122 with chart trade_9122.png...
PDF compiled successfully with 12 page(s).
Saving PDF report to: /home/sairedd1/public_html/plot/trail/temp_images/daily_trades_20260813_161504.pdf
PDF saved successfully. File size: 128538 bytes.
Sending PDF report via Telegram Bot API to 19 subscribers...
Sending to chat ID #655708526... SUCCESS
Sending to chat ID #1445102332... SUCCESS
Sending to chat ID #6198316556... SUCCESS
Sending to chat ID #6261599610... SUCCESS
Sending to chat ID #7447069680... SUCCESS
Sending to chat ID #6203194826... SUCCESS
Sending to chat ID #6357544409... SUCCESS
Sending to chat ID #1298859545... SUCCESS
Sending to chat ID #6636073504... FAILED: Forbidden: bot was blocked by the user
Sending to chat ID #6387915397... FAILED: Forbidden: bot was blocked by the user
Sending to chat ID #5032504374... SUCCESS
Sending to chat ID #7007002720... SUCCESS
Sending to chat ID #6736994920... SUCCESS
Sending to chat ID #6464266454... SUCCESS
Sending to chat ID #5445758812... FAILED: Forbidden: bot was blocked by the user
Sending to chat ID #5616442538... SUCCESS
Sending to chat ID #5062174710... SUCCESS
Sending to chat ID #5969275283... FAILED: Bad Request: chat not found
Sending to chat ID #8127293390... SUCCESS
Marking trades completed. Headless broadcast finished! Sent: 15 message(s).
{"success":true,"sent_count":15}Loading FPDF library from: /home/sairedd1/public_html/fpdf.php
Adding page for trade #9160 with chart trade_9160.png...
Adding page for trade #9157 with chart trade_9157.png...
Adding page for trade #9155 with chart trade_9155.png...
Adding page for trade #9154 with chart trade_9154.png...
Adding page for trade #9153 with chart trade_9153.png...
Adding page for trade #9152 with chart trade_9152.png...
Adding page for trade #9147 with chart trade_9147.png...
Adding page for trade #9146 with chart trade_9146.png...
PDF compiled successfully with 8 page(s).
Saving PDF report to: /home/sairedd1/public_html/plot/trail/temp_images/daily_trades_20260814_161504.pdf
PDF saved successfully. File size: 87810 bytes.
Sending PDF report via Telegram Bot API to 19 subscribers...
Sending to chat ID #655708526... SUCCESS
Sending to chat ID #1445102332... SUCCESS
Sending to chat ID #6198316556... SUCCESS
Sending to chat ID #6261599610... SUCCESS
Sending to chat ID #7447069680... SUCCESS
Sending to chat ID #6203194826... SUCCESS
Sending to chat ID #6357544409... SUCCESS
Sending to chat ID #1298859545... SUCCESS
Sending to chat ID #6636073504... FAILED: Forbidden: bot was blocked by the user
Sending to chat ID #6387915397... FAILED: Forbidden: bot was blocked by the user
Sending to chat ID #5032504374... SUCCESS
Sending to chat ID #7007002720... SUCCESS
Sending to chat ID #6736994920... SUCCESS
Sending to chat ID #6464266454... SUCCESS
Sending to chat ID #5445758812... FAILED: Forbidden: bot was blocked by the user
Sending to chat ID #5616442538... SUCCESS
Sending to chat ID #5062174710... SUCCESS
Sending to chat ID #5969275283... FAILED: Bad Request: chat not found
Sending to chat ID #8127293390... SUCCESS
Marking trades completed. Headless broadcast finished! Sent: 15 message(s).
{"success":true,"sent_count":15}Loading FPDF library from: /home/sairedd1/public_html/fpdf.php
Adding page for trade #9189 with chart trade_9189.png...
Adding page for trade #9188 with chart trade_9188.png...
Adding page for trade #9187 with chart trade_9187.png...
Adding page for trade #9186 with chart trade_9186.png...
Adding page for trade #9185 with chart trade_9185.png...
Adding page for trade #9183 with chart trade_9183.png...
Adding page for trade #9179 with chart trade_9179.png...
Adding page for trade #9176 with chart trade_9176.png...
Adding page for trade #9174 with chart trade_9174.png...
Adding page for trade #9173 with chart trade_9173.png...
Adding page for trade #9172 with chart trade_9172.png...
Adding page for trade #9171 with chart trade_9171.png...
Adding page for trade #9170 with chart trade_9170.png...
Adding page for trade #9168 with chart trade_9168.png...
Adding page for trade #9167 with chart trade_9167.png...
Adding page for trade #9166 with chart trade_9166.png...
Adding page for trade #9165 with chart trade_9165.png...
Adding page for trade #9164 with chart trade_9164.png...
Adding page for trade #9163 with chart trade_9163.png...
PDF compiled successfully with 19 page(s).
Saving PDF report to: /home/sairedd1/public_html/plot/trail/temp_images/daily_trades_20260817_161504.pdf
PDF saved successfully. File size: 203025 bytes.
Sending PDF report via Telegram Bot API to 19 subscribers...
Sending to chat ID #655708526... SUCCESS
Sending to chat ID #1445102332... SUCCESS
Sending to chat ID #6198316556... SUCCESS
Sending to chat ID #6261599610... SUCCESS
Sending to chat ID #7447069680... SUCCESS
Sending to chat ID #6203194826... SUCCESS
Sending to chat ID #6357544409... SUCCESS
Sending to chat ID #1298859545... SUCCESS
Sending to chat ID #6636073504... FAILED: Forbidden: bot was blocked by the user
Sending to chat ID #6387915397... FAILED: Forbidden: bot was blocked by the user
Sending to chat ID #5032504374... SUCCESS
Sending to chat ID #7007002720... SUCCESS
Sending to chat ID #6736994920... SUCCESS
Sending to chat ID #6464266454... SUCCESS
Sending to chat ID #5445758812... FAILED: Forbidden: bot was blocked by the user
Sending to chat ID #5616442538... SUCCESS
Sending to chat ID #5062174710... SUCCESS
Sending to chat ID #5969275283... FAILED: Bad Request: chat not found
Sending to chat ID #8127293390... SUCCESS
Marking trades completed. Headless broadcast finished! Sent: 15 message(s).
{"success":true,"sent_count":15}Loading FPDF library from: /home/sairedd1/public_html/fpdf.php
Adding page for trade #9212 with chart trade_9212.png...
Adding page for trade #9211 with chart trade_9211.png...
Adding page for trade #9208 with chart trade_9208.png...
Adding page for trade #9207 with chart trade_9207.png...
Adding page for trade #9205 with chart trade_9205.png...
Adding page for trade #9204 with chart trade_9204.png...
Adding page for trade #9203 with chart trade_9203.png...
Adding page for trade #9202 with chart trade_9202.png...
Adding page for trade #9199 with chart trade_9199.png...
Adding page for trade #9198 with chart trade_9198.png...
Adding page for trade #9197 with chart trade_9197.png...
Adding page for trade #9196 with chart trade_9196.png...
Adding page for trade #9194 with chart trade_9194.png...
Adding page for trade #9193 with chart trade_9193.png...
Adding page for trade #9192 with chart trade_9192.png...
Adding page for trade #9191 with chart trade_9191.png...
PDF compiled successfully with 16 page(s).
Saving PDF report to: /home/sairedd1/public_html/plot/trail/temp_images/daily_trades_20260818_161505.pdf
PDF saved successfully. File size: 181318 bytes.
Sending PDF report via Telegram Bot API to 19 subscribers...
Sending to chat ID #655708526... SUCCESS
Sending to chat ID #1445102332... SUCCESS
Sending to chat ID #6198316556... SUCCESS
Sending to chat ID #6261599610... SUCCESS
Sending to chat ID #7447069680... SUCCESS
Sending to chat ID #6203194826... SUCCESS
Sending to chat ID #6357544409... SUCCESS
Sending to chat ID #1298859545... SUCCESS
Sending to chat ID #6636073504... FAILED: Forbidden: bot was blocked by the user
Sending to chat ID #6387915397... FAILED: Forbidden: bot was blocked by the user
Sending to chat ID #5032504374... SUCCESS
Sending to chat ID #7007002720... SUCCESS
Sending to chat ID #6736994920... SUCCESS
Sending to chat ID #6464266454... SUCCESS
Sending to chat ID #5445758812... FAILED: Forbidden: bot was blocked by the user
Sending to chat ID #5616442538... SUCCESS
Sending to chat ID #5062174710... SUCCESS
Sending to chat ID #5969275283... FAILED: Bad Request: chat not found
Sending to chat ID #8127293390... SUCCESS
Marking trades completed. Headless broadcast finished! Sent: 15 message(s).
{"success":true,"sent_count":15}Loading FPDF library from: /home/sairedd1/public_html/fpdf.php
Adding page for trade #9247 with chart trade_9247.png...
Adding page for trade #9244 with chart trade_9244.png...
Adding page for trade #9242 with chart trade_9242.png...
Adding page for trade #9241 with chart trade_9241.png...
Adding page for trade #9240 with chart trade_9240.png...
Adding page for trade #9235 with chart trade_9235.png...
Adding page for trade #9231 with chart trade_9231.png...
Adding page for trade #9230 with chart trade_9230.png...
Adding page for trade #9226 with chart trade_9226.png...
Adding page for trade #9225 with chart trade_9225.png...
Adding page for trade #9224 with chart trade_9224.png...
Adding page for trade #9223 with chart trade_9223.png...
Adding page for trade #9222 with chart trade_9222.png...
Adding page for trade #9221 with chart trade_9221.png...
PDF compiled successfully with 14 page(s).
Saving PDF report to: /home/sairedd1/public_html/plot/trail/temp_images/daily_trades_20260819_161504.pdf
PDF saved successfully. File size: 151896 bytes.
Sending PDF report via Telegram Bot API to 19 subscribers...
Sending to chat ID #655708526... SUCCESS
Sending to chat ID #1445102332... SUCCESS
Sending to chat ID #6198316556... SUCCESS
Sending to chat ID #6261599610... SUCCESS
Sending to chat ID #7447069680... SUCCESS
Sending to chat ID #6203194826... SUCCESS
Sending to chat ID #6357544409... SUCCESS
Sending to chat ID #1298859545... SUCCESS
Sending to chat ID #6636073504... FAILED: Forbidden: bot was blocked by the user
Sending to chat ID #6387915397... FAILED: Forbidden: bot was blocked by the user
Sending to chat ID #5032504374... SUCCESS
Sending to chat ID #7007002720... SUCCESS
Sending to chat ID #6736994920... SUCCESS
Sending to chat ID #6464266454... SUCCESS
Sending to chat ID #5445758812... FAILED: Forbidden: bot was blocked by the user
Sending to chat ID #5616442538... SUCCESS
Sending to chat ID #5062174710... SUCCESS
Sending to chat ID #5969275283... FAILED: Bad Request: chat not found
Sending to chat ID #8127293390... SUCCESS
Marking trades completed. Headless broadcast finished! Sent: 15 message(s).
{"success":true,"sent_count":15}Loading FPDF library from: /home/sairedd1/public_html/fpdf.php
Adding page for trade #9274 with chart trade_9274.png...
Adding page for trade #9272 with chart trade_9272.png...
Adding page for trade #9271 with chart trade_9271.png...
Adding page for trade #9270 with chart trade_9270.png...
Adding page for trade #9269 with chart trade_9269.png...
Adding page for trade #9268 with chart trade_9268.png...
Adding page for trade #9266 with chart trade_9266.png...
Adding page for trade #9265 with chart trade_9265.png...
Adding page for trade #9264 with chart trade_9264.png...
Adding page for trade #9261 with chart trade_9261.png...
Adding page for trade #9260 with chart trade_9260.png...
Adding page for trade #9258 with chart trade_9258.png...
Adding page for trade #9257 with chart trade_9257.png...
Adding page for trade #9256 with chart trade_9256.png...
Adding page for trade #9255 with chart trade_9255.png...
Adding page for trade #9254 with chart trade_9254.png...
Adding page for trade #9253 with chart trade_9253.png...
Adding page for trade #9252 with chart trade_9252.png...
PDF compiled successfully with 18 page(s).
Saving PDF report to: /home/sairedd1/public_html/plot/trail/temp_images/daily_trades_20260820_161505.pdf
PDF saved successfully. File size: 194590 bytes.
Sending PDF report via Telegram Bot API to 19 subscribers...
Sending to chat ID #655708526... SUCCESS
Sending to chat ID #1445102332... SUCCESS
Sending to chat ID #6198316556... SUCCESS
Sending to chat ID #6261599610... SUCCESS
Sending to chat ID #7447069680... SUCCESS
Sending to chat ID #6203194826... SUCCESS
Sending to chat ID #6357544409... SUCCESS
Sending to chat ID #1298859545... SUCCESS
Sending to chat ID #6636073504... FAILED: Forbidden: bot was blocked by the user
Sending to chat ID #6387915397... FAILED: Forbidden: bot was blocked by the user
Sending to chat ID #5032504374... SUCCESS
Sending to chat ID #7007002720... SUCCESS
Sending to chat ID #6736994920... SUCCESS
Sending to chat ID #6464266454... SUCCESS
Sending to chat ID #5445758812... FAILED: Forbidden: bot was blocked by the user
Sending to chat ID #5616442538... SUCCESS
Sending to chat ID #5062174710... SUCCESS
Sending to chat ID #5969275283... FAILED: Bad Request: chat not found
Sending to chat ID #8127293390... SUCCESS
Marking trades completed. Headless broadcast finished! Sent: 15 message(s).
{"success":true,"sent_count":15}Loading FPDF library from: /home/sairedd1/public_html/fpdf.php
Adding page for trade #9297 with chart trade_9297.png...
Adding page for trade #9295 with chart trade_9295.png...
Adding page for trade #9294 with chart trade_9294.png...
Adding page for trade #9293 with chart trade_9293.png...
Adding page for trade #9292 with chart trade_9292.png...
Adding page for trade #9289 with chart trade_9289.png...
Adding page for trade #9286 with chart trade_9286.png...
Adding page for trade #9284 with chart trade_9284.png...
Adding page for trade #9283 with chart trade_9283.png...
Adding page for trade #9282 with chart trade_9282.png...
Adding page for trade #9281 with chart trade_9281.png...
Adding page for trade #9280 with chart trade_9280.png...
Adding page for trade #9279 with chart trade_9279.png...
PDF compiled successfully with 13 page(s).
Saving PDF report to: /home/sairedd1/public_html/plot/trail/temp_images/daily_trades_20260821_161506.pdf
PDF saved successfully. File size: 146249 bytes.
Sending PDF report via Telegram Bot API to 19 subscribers...
Sending to chat ID #655708526... SUCCESS
Sending to chat ID #1445102332... SUCCESS
Sending to chat ID #6198316556... SUCCESS
Sending to chat ID #6261599610... SUCCESS
Sending to chat ID #7447069680... SUCCESS
Sending to chat ID #6203194826... SUCCESS
Sending to chat ID #6357544409... SUCCESS
Sending to chat ID #1298859545... SUCCESS
Sending to chat ID #6636073504... FAILED: Forbidden: bot was blocked by the user
Sending to chat ID #6387915397... FAILED: Forbidden: bot was blocked by the user
Sending to chat ID #5032504374... SUCCESS
Sending to chat ID #7007002720... SUCCESS
Sending to chat ID #6736994920... SUCCESS
Sending to chat ID #6464266454... SUCCESS
Sending to chat ID #5445758812... FAILED: Forbidden: bot was blocked by the user
Sending to chat ID #5616442538... SUCCESS
Sending to chat ID #5062174710... SUCCESS
Sending to chat ID #5969275283... FAILED: Bad Request: chat not found
Sending to chat ID #8127293390... SUCCESS
Marking trades completed. Headless broadcast finished! Sent: 15 message(s).
{"success":true,"sent_count":15}Loading FPDF library from: /home/sairedd1/public_html/fpdf.php
Adding page for trade #9316 with chart trade_9316.png...
Adding page for trade #9313 with chart trade_9313.png...
Adding page for trade #9312 with chart trade_9312.png...
Adding page for trade #9311 with chart trade_9311.png...
Adding page for trade #9310 with chart trade_9310.png...
Adding page for trade #9309 with chart trade_9309.png...
Adding page for trade #9308 with chart trade_9308.png...
Adding page for trade #9307 with chart trade_9307.png...
Adding page for trade #9306 with chart trade_9306.png...
Adding page for trade #9305 with chart trade_9305.png...
Adding page for trade #9304 with chart trade_9304.png...
Adding page for trade #9302 with chart trade_9302.png...
PDF compiled successfully with 12 page(s).
Saving PDF report to: /home/sairedd1/public_html/plot/trail/temp_images/daily_trades_20260824_161504.pdf
PDF saved successfully. File size: 138008 bytes.
Sending PDF report via Telegram Bot API to 19 subscribers...
Sending to chat ID #655708526... SUCCESS
Sending to chat ID #1445102332... SUCCESS
Sending to chat ID #6198316556... SUCCESS
Sending to chat ID #6261599610... SUCCESS
Sending to chat ID #7447069680... SUCCESS
Sending to chat ID #6203194826... SUCCESS
Sending to chat ID #6357544409... SUCCESS
Sending to chat ID #1298859545... SUCCESS
Sending to chat ID #6636073504... FAILED: Forbidden: bot was blocked by the user
Sending to chat ID #6387915397... FAILED: Forbidden: bot was blocked by the user
Sending to chat ID #5032504374... SUCCESS
Sending to chat ID #7007002720... SUCCESS
Sending to chat ID #6736994920... SUCCESS
Sending to chat ID #6464266454... SUCCESS
Sending to chat ID #5445758812... FAILED: Forbidden: bot was blocked by the user
Sending to chat ID #5616442538... SUCCESS
Sending to chat ID #5062174710... SUCCESS
Sending to chat ID #5969275283... FAILED: Bad Request: chat not found
Sending to chat ID #8127293390... SUCCESS
Marking trades completed. Headless broadcast finished! Sent: 15 message(s).
{"success":true,"sent_count":15}Loading FPDF library from: /home/sairedd1/public_html/fpdf.php
Adding page for trade #9333 with chart trade_9333.png...
Adding page for trade #9332 with chart trade_9332.png...
Adding page for trade #9331 with chart trade_9331.png...
Adding page for trade #9330 with chart trade_9330.png...
Adding page for trade #9328 with chart trade_9328.png...
Adding page for trade #9326 with chart trade_9326.png...
Adding page for trade #9324 with chart trade_9324.png...
Adding page for trade #9321 with chart trade_9321.png...
Adding page for trade #9320 with chart trade_9320.png...
Adding page for trade #9319 with chart trade_9319.png...
Adding page for trade #9318 with chart trade_9318.png...
PDF compiled successfully with 11 page(s).
Saving PDF report to: /home/sairedd1/public_html/plot/trail/temp_images/daily_trades_20260825_161504.pdf
PDF saved successfully. File size: 117754 bytes.
Sending PDF report via Telegram Bot API to 19 subscribers...
Sending to chat ID #655708526... SUCCESS
Sending to chat ID #1445102332... SUCCESS
Sending to chat ID #6198316556... SUCCESS
Sending to chat ID #6261599610... SUCCESS
Sending to chat ID #7447069680... SUCCESS
Sending to chat ID #6203194826... SUCCESS
Sending to chat ID #6357544409... SUCCESS
Sending to chat ID #1298859545... SUCCESS
Sending to chat ID #6636073504... FAILED: Forbidden: bot was blocked by the user
Sending to chat ID #6387915397... FAILED: Forbidden: bot was blocked by the user
Sending to chat ID #5032504374... SUCCESS
Sending to chat ID #7007002720... SUCCESS
Sending to chat ID #6736994920... SUCCESS
Sending to chat ID #6464266454... SUCCESS
Sending to chat ID #5445758812... FAILED: Forbidden: bot was blocked by the user
Sending to chat ID #5616442538... SUCCESS
Sending to chat ID #5062174710... SUCCESS
Sending to chat ID #5969275283... FAILED: Bad Request: chat not found
Sending to chat ID #8127293390... SUCCESS
Marking trades completed. Headless broadcast finished! Sent: 15 message(s).
{"success":true,"sent_count":15}Loading FPDF library from: /home/sairedd1/public_html/fpdf.php
Adding page for trade #9356 with chart trade_9356.png...
Adding page for trade #9352 with chart trade_9352.png...
Adding page for trade #9351 with chart trade_9351.png...
Adding page for trade #9348 with chart trade_9348.png...
Adding page for trade #9347 with chart trade_9347.png...
Adding page for trade #9346 with chart trade_9346.png...
Adding page for trade #9343 with chart trade_9343.png...
Adding page for trade #9340 with chart trade_9340.png...
Adding page for trade #9338 with chart trade_9338.png...
Adding page for trade #9337 with chart trade_9337.png...
Adding page for trade #9336 with chart trade_9336.png...
Adding page for trade #9335 with chart trade_9335.png...
Adding page for trade #9334 with chart trade_9334.png...
PDF compiled successfully with 13 page(s).
Saving PDF report to: /home/sairedd1/public_html/plot/trail/temp_images/daily_trades_20260826_161504.pdf
PDF saved successfully. File size: 145879 bytes.
Sending PDF report via Telegram Bot API to 19 subscribers...
Sending to chat ID #655708526... SUCCESS
Sending to chat ID #1445102332... SUCCESS
Sending to chat ID #6198316556... SUCCESS
Sending to chat ID #6261599610... SUCCESS
Sending to chat ID #7447069680... SUCCESS
Sending to chat ID #6203194826... SUCCESS
Sending to chat ID #6357544409... SUCCESS
Sending to chat ID #1298859545... SUCCESS
Sending to chat ID #6636073504... FAILED: Forbidden: bot was blocked by the user
Sending to chat ID #6387915397... FAILED: Forbidden: bot was blocked by the user
Sending to chat ID #5032504374... SUCCESS
Sending to chat ID #7007002720... SUCCESS
Sending to chat ID #6736994920... SUCCESS
Sending to chat ID #6464266454... SUCCESS
Sending to chat ID #5445758812... FAILED: Forbidden: bot was blocked by the user
Sending to chat ID #5616442538... SUCCESS
Sending to chat ID #5062174710... SUCCESS
Sending to chat ID #5969275283... FAILED: Bad Request: chat not found
Sending to chat ID #8127293390... SUCCESS
Marking trades completed. Headless broadcast finished! Sent: 15 message(s).
{"success":true,"sent_count":15}Loading FPDF library from: /home/sairedd1/public_html/fpdf.php
Adding page for trade #9382 with chart trade_9382.png...
Adding page for trade #9380 with chart trade_9380.png...
Adding page for trade #9378 with chart trade_9378.png...
Adding page for trade #9377 with chart trade_9377.png...
Adding page for trade #9376 with chart trade_9376.png...
Adding page for trade #9375 with chart trade_9375.png...
Adding page for trade #9373 with chart trade_9373.png...
Adding page for trade #9372 with chart trade_9372.png...
Adding page for trade #9370 with chart trade_9370.png...
Adding page for trade #9369 with chart trade_9369.png...
Adding page for trade #9367 with chart trade_9367.png...
Adding page for trade #9365 with chart trade_9365.png...
Adding page for trade #9362 with chart trade_9362.png...
Adding page for trade #9361 with chart trade_9361.png...
Adding page for trade #9360 with chart trade_9360.png...
Adding page for trade #9359 with chart trade_9359.png...
Adding page for trade #9358 with chart trade_9358.png...
PDF compiled successfully with 17 page(s).
Saving PDF report to: /home/sairedd1/public_html/plot/trail/temp_images/daily_trades_20260827_161505.pdf
PDF saved successfully. File size: 186788 bytes.
Sending PDF report via Telegram Bot API to 19 subscribers...
Sending to chat ID #655708526... SUCCESS
Sending to chat ID #1445102332... SUCCESS
Sending to chat ID #6198316556... SUCCESS
Sending to chat ID #6261599610... SUCCESS
Sending to chat ID #7447069680... SUCCESS
Sending to chat ID #6203194826... SUCCESS
Sending to chat ID #6357544409... SUCCESS
Sending to chat ID #1298859545... SUCCESS
Sending to chat ID #6636073504... FAILED: Forbidden: bot was blocked by the user
Sending to chat ID #6387915397... FAILED: Forbidden: bot was blocked by the user
Sending to chat ID #5032504374... SUCCESS
Sending to chat ID #7007002720... SUCCESS
Sending to chat ID #6736994920... SUCCESS
Sending to chat ID #6464266454... SUCCESS
Sending to chat ID #5445758812... FAILED: Forbidden: bot was blocked by the user
Sending to chat ID #5616442538... SUCCESS
Sending to chat ID #5062174710... SUCCESS
Sending to chat ID #5969275283... FAILED: Bad Request: chat not found
Sending to chat ID #8127293390... SUCCESS
Marking trades completed. Headless broadcast finished! Sent: 15 message(s).
{"success":true,"sent_count":15}Loading FPDF library from: /home/sairedd1/public_html/fpdf.php
Adding page for trade #9400 with chart trade_9400.png...
Adding page for trade #9396 with chart trade_9396.png...
Adding page for trade #9394 with chart trade_9394.png...
Adding page for trade #9393 with chart trade_9393.png...
Adding page for trade #9391 with chart trade_9391.png...
Adding page for trade #9390 with chart trade_9390.png...
Adding page for trade #9389 with chart trade_9389.png...
Adding page for trade #9387 with chart trade_9387.png...
Adding page for trade #9385 with chart trade_9385.png...
Adding page for trade #9384 with chart trade_9384.png...
PDF compiled successfully with 10 page(s).
Saving PDF report to: /home/sairedd1/public_html/plot/trail/temp_images/daily_trades_20260828_161504.pdf
PDF saved successfully. File size: 109827 bytes.
Sending PDF report via Telegram Bot API to 19 subscribers...
Sending to chat ID #655708526... SUCCESS
Sending to chat ID #1445102332... SUCCESS
Sending to chat ID #6198316556... SUCCESS
Sending to chat ID #6261599610... SUCCESS
Sending to chat ID #7447069680... SUCCESS
Sending to chat ID #6203194826... SUCCESS
Sending to chat ID #6357544409... SUCCESS
Sending to chat ID #1298859545... SUCCESS
Sending to chat ID #6636073504... FAILED: Forbidden: bot was blocked by the user
Sending to chat ID #6387915397... FAILED: Forbidden: bot was blocked by the user
Sending to chat ID #5032504374... SUCCESS
Sending to chat ID #7007002720... SUCCESS
Sending to chat ID #6736994920... SUCCESS
Sending to chat ID #6464266454... SUCCESS
Sending to chat ID #5445758812... FAILED: Forbidden: bot was blocked by the user
Sending to chat ID #5616442538... SUCCESS
Sending to chat ID #5062174710... SUCCESS
Sending to chat ID #5969275283... FAILED: Bad Request: chat not found
Sending to chat ID #8127293390... SUCCESS
Marking trades completed. Headless broadcast finished! Sent: 15 message(s).
{"success":true,"sent_count":15}Loading FPDF library from: /home/sairedd1/public_html/fpdf.php
Adding page for trade #9421 with chart trade_9421.png...
Adding page for trade #9420 with chart trade_9420.png...
Adding page for trade #9419 with chart trade_9419.png...
Adding page for trade #9417 with chart trade_9417.png...
Adding page for trade #9416 with chart trade_9416.png...
Adding page for trade #9414 with chart trade_9414.png...
Adding page for trade #9412 with chart trade_9412.png...
Adding page for trade #9411 with chart trade_9411.png...
Adding page for trade #9409 with chart trade_9409.png...
Adding page for trade #9408 with chart trade_9408.png...
Adding page for trade #9407 with chart trade_9407.png...
Adding page for trade #9405 with chart trade_9405.png...
Adding page for trade #9404 with chart trade_9404.png...
Adding page for trade #9403 with chart trade_9403.png...
PDF compiled successfully with 14 page(s).
Saving PDF report to: /home/sairedd1/public_html/plot/trail/temp_images/daily_trades_20260831_161504.pdf
PDF saved successfully. File size: 152998 bytes.
Sending PDF report via Telegram Bot API to 19 subscribers...
Sending to chat ID #655708526... SUCCESS
Sending to chat ID #1445102332... SUCCESS
Sending to chat ID #6198316556... SUCCESS
Sending to chat ID #6261599610... SUCCESS
Sending to chat ID #7447069680... SUCCESS
Sending to chat ID #6203194826... SUCCESS
Sending to chat ID #6357544409... SUCCESS
Sending to chat ID #1298859545... SUCCESS
Sending to chat ID #6636073504... FAILED: Forbidden: bot was blocked by the user
Sending to chat ID #6387915397... FAILED: Forbidden: bot was blocked by the user
Sending to chat ID #5032504374... SUCCESS
Sending to chat ID #7007002720... SUCCESS
Sending to chat ID #6736994920... SUCCESS
Sending to chat ID #6464266454... SUCCESS
Sending to chat ID #5445758812... FAILED: Forbidden: bot was blocked by the user
Sending to chat ID #5616442538... SUCCESS
Sending to chat ID #5062174710... SUCCESS
Sending to chat ID #5969275283... FAILED: Bad Request: chat not found
Sending to chat ID #8127293390... SUCCESS
Marking trades completed. Headless broadcast finished! Sent: 15 message(s).
{"success":true,"sent_count":15}Loading FPDF library from: /home/sairedd1/public_html/fpdf.php
Adding page for trade #9448 with chart trade_9448.png...
Adding page for trade #9445 with chart trade_9445.png...
Adding page for trade #9440 with chart trade_9440.png...
Adding page for trade #9439 with chart trade_9439.png...
Adding page for trade #9436 with chart trade_9436.png...
Adding page for trade #9433 with chart trade_9433.png...
Adding page for trade #9432 with chart trade_9432.png...
Adding page for trade #9431 with chart trade_9431.png...
Adding page for trade #9430 with chart trade_9430.png...
Adding page for trade #9427 with chart trade_9427.png...
Adding page for trade #9426 with chart trade_9426.png...
Adding page for trade #9425 with chart trade_9425.png...
PDF compiled successfully with 12 page(s).
Saving PDF report to: /home/sairedd1/public_html/plot/trail/temp_images/daily_trades_20260901_161504.pdf
PDF saved successfully. File size: 129548 bytes.
Sending PDF report via Telegram Bot API to 19 subscribers...
Sending to chat ID #655708526... SUCCESS
Sending to chat ID #1445102332... SUCCESS
Sending to chat ID #6198316556... SUCCESS
Sending to chat ID #6261599610... SUCCESS
Sending to chat ID #7447069680... SUCCESS
Sending to chat ID #6203194826... SUCCESS
Sending to chat ID #6357544409... SUCCESS
Sending to chat ID #1298859545... SUCCESS
Sending to chat ID #6636073504... FAILED: Forbidden: bot was blocked by the user
Sending to chat ID #6387915397... FAILED: Forbidden: bot was blocked by the user
Sending to chat ID #5032504374... SUCCESS
Sending to chat ID #7007002720... SUCCESS
Sending to chat ID #6736994920... SUCCESS
Sending to chat ID #6464266454... SUCCESS
Sending to chat ID #5445758812... FAILED: Forbidden: bot was blocked by the user
Sending to chat ID #5616442538... SUCCESS
Sending to chat ID #5062174710... SUCCESS
Sending to chat ID #5969275283... FAILED: Bad Request: chat not found
Sending to chat ID #8127293390... SUCCESS
Marking trades completed. Headless broadcast finished! Sent: 15 message(s).
{"success":true,"sent_count":15}Loading FPDF library from: /home/sairedd1/public_html/fpdf.php
Adding page for trade #9469 with chart trade_9469.png...
Adding page for trade #9467 with chart trade_9467.png...
Adding page for trade #9466 with chart trade_9466.png...
Adding page for trade #9462 with chart trade_9462.png...
Adding page for trade #9461 with chart trade_9461.png...
Adding page for trade #9460 with chart trade_9460.png...
Adding page for trade #9459 with chart trade_9459.png...
Adding page for trade #9458 with chart trade_9458.png...
Adding page for trade #9457 with chart trade_9457.png...
Adding page for trade #9456 with chart trade_9456.png...
Adding page for trade #9453 with chart trade_9453.png...
Adding page for trade #9452 with chart trade_9452.png...
Adding page for trade #9451 with chart trade_9451.png...
PDF compiled successfully with 13 page(s).
Saving PDF report to: /home/sairedd1/public_html/plot/trail/temp_images/daily_trades_20260902_161504.pdf
PDF saved successfully. File size: 140651 bytes.
Sending PDF report via Telegram Bot API to 19 subscribers...
Sending to chat ID #655708526... SUCCESS
Sending to chat ID #1445102332... SUCCESS
Sending to chat ID #6198316556... SUCCESS
Sending to chat ID #6261599610... SUCCESS
Sending to chat ID #7447069680... SUCCESS
Sending to chat ID #6203194826... SUCCESS
Sending to chat ID #6357544409... SUCCESS
Sending to chat ID #1298859545... SUCCESS
Sending to chat ID #6636073504... FAILED: Forbidden: bot was blocked by the user
Sending to chat ID #6387915397... FAILED: Forbidden: bot was blocked by the user
Sending to chat ID #5032504374... SUCCESS
Sending to chat ID #7007002720... SUCCESS
Sending to chat ID #6736994920... SUCCESS
Sending to chat ID #6464266454... SUCCESS
Sending to chat ID #5445758812... FAILED: Forbidden: bot was blocked by the user
Sending to chat ID #5616442538... SUCCESS
Sending to chat ID #5062174710... SUCCESS
Sending to chat ID #5969275283... FAILED: Bad Request: chat not found
Sending to chat ID #8127293390... SUCCESS
Marking trades completed. Headless broadcast finished! Sent: 15 message(s).
{"success":true,"sent_count":15}Loading FPDF library from: /home/sairedd1/public_html/fpdf.php
Adding page for trade #9546 with chart trade_9546.png...
Adding page for trade #9541 with chart trade_9541.png...
Adding page for trade #9539 with chart trade_9539.png...
Adding page for trade #9516 with chart trade_9516.png...
Adding page for trade #9514 with chart trade_9514.png...
Adding page for trade #9513 with chart trade_9513.png...
Adding page for trade #9512 with chart trade_9512.png...
Adding page for trade #9511 with chart trade_9511.png...
Adding page for trade #9510 with chart trade_9510.png...
Adding page for trade #9509 with chart trade_9509.png...
Adding page for trade #9505 with chart trade_9505.png...
Adding page for trade #9504 with chart trade_9504.png...
Adding page for trade #9498 with chart trade_9498.png...
Adding page for trade #9497 with chart trade_9497.png...
Adding page for trade #9494 with chart trade_9494.png...
Adding page for trade #9493 with chart trade_9493.png...
Adding page for trade #9492 with chart trade_9492.png...
Adding page for trade #9490 with chart trade_9490.png...
Adding page for trade #9489 with chart trade_9489.png...
Adding page for trade #9488 with chart trade_9488.png...
Adding page for trade #9487 with chart trade_9487.png...
Adding page for trade #9486 with chart trade_9486.png...
Adding page for trade #9485 with chart trade_9485.png...
Adding page for trade #9484 with chart trade_9484.png...
Adding page for trade #9481 with chart trade_9481.png...
Adding page for trade #9480 with chart trade_9480.png...
Adding page for trade #9474 with chart trade_9474.png...
Adding page for trade #9473 with chart trade_9473.png...
PDF compiled successfully with 28 page(s).
Saving PDF report to: /home/sairedd1/public_html/plot/trail/temp_images/daily_trades_20260904_161506.pdf
PDF saved successfully. File size: 326420 bytes.
Sending PDF report via Telegram Bot API to 19 subscribers...
Sending to chat ID #655708526... SUCCESS
Sending to chat ID #1445102332... SUCCESS
Sending to chat ID #6198316556... SUCCESS
Sending to chat ID #6261599610... SUCCESS
Sending to chat ID #7447069680... SUCCESS
Sending to chat ID #6203194826... SUCCESS
Sending to chat ID #6357544409... SUCCESS
Sending to chat ID #1298859545... SUCCESS
Sending to chat ID #6636073504... FAILED: Forbidden: bot was blocked by the user
Sending to chat ID #6387915397... FAILED: Forbidden: bot was blocked by the user
Sending to chat ID #5032504374... SUCCESS
Sending to chat ID #7007002720... SUCCESS
Sending to chat ID #6736994920... SUCCESS
Sending to chat ID #6464266454... SUCCESS
Sending to chat ID #5445758812... FAILED: Forbidden: bot was blocked by the user
Sending to chat ID #5616442538... SUCCESS
Sending to chat ID #5062174710... SUCCESS
Sending to chat ID #5969275283... FAILED: Bad Request: chat not found
Sending to chat ID #8127293390... SUCCESS
Marking trades completed. Headless broadcast finished! Sent: 15 message(s).
{"success":true,"sent_count":15}Loading FPDF library from: /home/sairedd1/public_html/fpdf.php
Adding page for trade #9564 with chart trade_9564.png...
Adding page for trade #9559 with chart trade_9559.png...
Adding page for trade #9558 with chart trade_9558.png...
Adding page for trade #9557 with chart trade_9557.png...
Adding page for trade #9556 with chart trade_9556.png...
Adding page for trade #9555 with chart trade_9555.png...
Adding page for trade #9554 with chart trade_9554.png...
Adding page for trade #9550 with chart trade_9550.png...
Adding page for trade #9549 with chart trade_9549.png...
Adding page for trade #9547 with chart trade_9547.png...
PDF compiled successfully with 10 page(s).
Saving PDF report to: /home/sairedd1/public_html/plot/trail/temp_images/daily_trades_20260907_161506.pdf
PDF saved successfully. File size: 109959 bytes.
Sending PDF report via Telegram Bot API to 19 subscribers...
Sending to chat ID #655708526... SUCCESS
Sending to chat ID #1445102332... SUCCESS
Sending to chat ID #6198316556... SUCCESS
Sending to chat ID #6261599610... SUCCESS
Sending to chat ID #7447069680... SUCCESS
Sending to chat ID #6203194826... SUCCESS
Sending to chat ID #6357544409... SUCCESS
Sending to chat ID #1298859545... SUCCESS
Sending to chat ID #6636073504... FAILED: Forbidden: bot was blocked by the user
Sending to chat ID #6387915397... FAILED: Forbidden: bot was blocked by the user
Sending to chat ID #5032504374... SUCCESS
Sending to chat ID #7007002720... SUCCESS
Sending to chat ID #6736994920... SUCCESS
Sending to chat ID #6464266454... SUCCESS
Sending to chat ID #5445758812... FAILED: Forbidden: bot was blocked by the user
Sending to chat ID #5616442538... SUCCESS
Sending to chat ID #5062174710... SUCCESS
Sending to chat ID #5969275283... FAILED: Bad Request: chat not found
Sending to chat ID #8127293390... SUCCESS
Marking trades completed. Headless broadcast finished! Sent: 15 message(s).
{"success":true,"sent_count":15}Loading FPDF library from: /home/sairedd1/public_html/fpdf.php
Adding page for trade #9567 with chart trade_9567.png...
Adding page for trade #9566 with chart trade_9566.png...
PDF compiled successfully with 2 page(s).
Saving PDF report to: /home/sairedd1/public_html/plot/trail/temp_images/daily_trades_20260908_161504.pdf
PDF saved successfully. File size: 21704 bytes.
Sending PDF report via Telegram Bot API to 19 subscribers...
Sending to chat ID #655708526... SUCCESS
Sending to chat ID #1445102332... SUCCESS
Sending to chat ID #6198316556... SUCCESS
Sending to chat ID #6261599610... SUCCESS
Sending to chat ID #7447069680... SUCCESS
Sending to chat ID #6203194826... SUCCESS
Sending to chat ID #6357544409... SUCCESS
Sending to chat ID #1298859545... SUCCESS
Sending to chat ID #6636073504... FAILED: Forbidden: bot was blocked by the user
Sending to chat ID #6387915397... FAILED: Forbidden: bot was blocked by the user
Sending to chat ID #5032504374... SUCCESS
Sending to chat ID #7007002720... SUCCESS
Sending to chat ID #6736994920... SUCCESS
Sending to chat ID #6464266454... SUCCESS
Sending to chat ID #5445758812... FAILED: Forbidden: bot was blocked by the user
Sending to chat ID #5616442538... SUCCESS
Sending to chat ID #5062174710... SUCCESS
Sending to chat ID #5969275283... FAILED: Bad Request: chat not found
Sending to chat ID #8127293390... SUCCESS
Marking trades completed. Headless broadcast finished! Sent: 15 message(s).
{"success":true,"sent_count":15}