Loading FPDF library from: /home/sairedd1/public_html/plot/../fpdf.php
Adding page for trade #8429 with chart trade_8429.png...
Adding page for trade #8428 with chart trade_8428.png...
Adding page for trade #8427 with chart trade_8427.png...
Adding page for trade #8425 with chart trade_8425.png...
Adding page for trade #8424 with chart trade_8424.png...
Adding page for trade #8423 with chart trade_8423.png...
Adding page for trade #8422 with chart trade_8422.png...
Adding page for trade #8420 with chart trade_8420.png...
Adding page for trade #8419 with chart trade_8419.png...
PDF compiled successfully with 9 page(s).
Saving PDF report to: /home/sairedd1/public_html/plot/temp_images/daily_trades_20260624_161505.pdf
PDF saved successfully. File size: 104638 bytes.
Sending PDF report via Telegram Bot API to 17 subscribers...
Sending to chat ID #655708526... SUCCESS
Sending to chat ID #1445102332... SUCCESS
Sending to chat ID #6198316556... SUCCESS
Sending to chat ID #6261599610... SUCCESS
Sending to chat ID #7447069680... SUCCESS
Sending to chat ID #6203194826... SUCCESS
Sending to chat ID #6357544409... SUCCESS
Sending to chat ID #1298859545... SUCCESS
Sending to chat ID #6636073504... FAILED: Forbidden: bot was blocked by the user
Sending to chat ID #6387915397... FAILED: Forbidden: bot was blocked by the user
Sending to chat ID #5032504374... SUCCESS
Sending to chat ID #7007002720... SUCCESS
Sending to chat ID #6736994920... SUCCESS
Sending to chat ID #6464266454... SUCCESS
Sending to chat ID #5445758812... FAILED: Forbidden: bot was blocked by the user
Sending to chat ID #5616442538... SUCCESS
Sending to chat ID #5062174710... SUCCESS
Marking trades completed. Headless broadcast finished! Sent: 14 message(s).
{"success":true,"sent_count":14}Loading FPDF library from: /home/sairedd1/public_html/plot/../fpdf.php
Adding page for trade #8459 with chart trade_8459.png...
Adding page for trade #8457 with chart trade_8457.png...
Adding page for trade #8456 with chart trade_8456.png...
Adding page for trade #8455 with chart trade_8455.png...
Adding page for trade #8454 with chart trade_8454.png...
Adding page for trade #8453 with chart trade_8453.png...
Adding page for trade #8452 with chart trade_8452.png...
Adding page for trade #8451 with chart trade_8451.png...
Adding page for trade #8449 with chart trade_8449.png...
Adding page for trade #8448 with chart trade_8448.png...
Adding page for trade #8447 with chart trade_8447.png...
Adding page for trade #8445 with chart trade_8445.png...
Adding page for trade #8443 with chart trade_8443.png...
Adding page for trade #8442 with chart trade_8442.png...
Adding page for trade #8438 with chart trade_8438.png...
Adding page for trade #8435 with chart trade_8435.png...
PDF compiled successfully with 16 page(s).
Saving PDF report to: /home/sairedd1/public_html/plot/temp_images/daily_trades_20260625_161505.pdf
PDF saved successfully. File size: 173431 bytes.
Sending PDF report via Telegram Bot API to 17 subscribers...
Sending to chat ID #655708526... SUCCESS
Sending to chat ID #1445102332... SUCCESS
Sending to chat ID #6198316556... SUCCESS
Sending to chat ID #6261599610... SUCCESS
Sending to chat ID #7447069680... SUCCESS
Sending to chat ID #6203194826... SUCCESS
Sending to chat ID #6357544409... SUCCESS
Sending to chat ID #1298859545... SUCCESS
Sending to chat ID #6636073504... FAILED: Forbidden: bot was blocked by the user
Sending to chat ID #6387915397... FAILED: Forbidden: bot was blocked by the user
Sending to chat ID #5032504374... SUCCESS
Sending to chat ID #7007002720... SUCCESS
Sending to chat ID #6736994920... SUCCESS
Sending to chat ID #6464266454... SUCCESS
Sending to chat ID #5445758812... FAILED: Forbidden: bot was blocked by the user
Sending to chat ID #5616442538... SUCCESS
Sending to chat ID #5062174710... SUCCESS
Marking trades completed. Headless broadcast finished! Sent: 14 message(s).
{"success":true,"sent_count":14}Loading FPDF library from: /home/sairedd1/public_html/plot/../fpdf.php
Adding page for trade #8486 with chart trade_8486.png...
Adding page for trade #8485 with chart trade_8485.png...
Adding page for trade #8483 with chart trade_8483.png...
Adding page for trade #8481 with chart trade_8481.png...
Adding page for trade #8480 with chart trade_8480.png...
Adding page for trade #8479 with chart trade_8479.png...
Adding page for trade #8478 with chart trade_8478.png...
Adding page for trade #8477 with chart trade_8477.png...
Adding page for trade #8476 with chart trade_8476.png...
Adding page for trade #8475 with chart trade_8475.png...
Adding page for trade #8473 with chart trade_8473.png...
Adding page for trade #8472 with chart trade_8472.png...
Adding page for trade #8471 with chart trade_8471.png...
Adding page for trade #8469 with chart trade_8469.png...
Adding page for trade #8468 with chart trade_8468.png...
PDF compiled successfully with 15 page(s).
Saving PDF report to: /home/sairedd1/public_html/plot/temp_images/daily_trades_20260629_161504.pdf
PDF saved successfully. File size: 166847 bytes.
Sending PDF report via Telegram Bot API to 17 subscribers...
Sending to chat ID #655708526... SUCCESS
Sending to chat ID #1445102332... SUCCESS
Sending to chat ID #6198316556... SUCCESS
Sending to chat ID #6261599610... SUCCESS
Sending to chat ID #7447069680... SUCCESS
Sending to chat ID #6203194826... SUCCESS
Sending to chat ID #6357544409... SUCCESS
Sending to chat ID #1298859545... SUCCESS
Sending to chat ID #6636073504... FAILED: Forbidden: bot was blocked by the user
Sending to chat ID #6387915397... FAILED: Forbidden: bot was blocked by the user
Sending to chat ID #5032504374... SUCCESS
Sending to chat ID #7007002720... SUCCESS
Sending to chat ID #6736994920... SUCCESS
Sending to chat ID #6464266454... SUCCESS
Sending to chat ID #5445758812... FAILED: Forbidden: bot was blocked by the user
Sending to chat ID #5616442538... SUCCESS
Sending to chat ID #5062174710... SUCCESS
Marking trades completed. Headless broadcast finished! Sent: 14 message(s).
{"success":true,"sent_count":14}Loading FPDF library from: /home/sairedd1/public_html/plot/../fpdf.php
Adding page for trade #8504 with chart trade_8504.png...
Adding page for trade #8503 with chart trade_8503.png...
Adding page for trade #8502 with chart trade_8502.png...
Adding page for trade #8501 with chart trade_8501.png...
Adding page for trade #8500 with chart trade_8500.png...
Adding page for trade #8498 with chart trade_8498.png...
Adding page for trade #8497 with chart trade_8497.png...
Adding page for trade #8496 with chart trade_8496.png...
Adding page for trade #8495 with chart trade_8495.png...
Adding page for trade #8493 with chart trade_8493.png...
Adding page for trade #8492 with chart trade_8492.png...
PDF compiled successfully with 11 page(s).
Saving PDF report to: /home/sairedd1/public_html/plot/temp_images/daily_trades_20260630_161505.pdf
PDF saved successfully. File size: 121836 bytes.
Sending PDF report via Telegram Bot API to 17 subscribers...
Sending to chat ID #655708526... SUCCESS
Sending to chat ID #1445102332... SUCCESS
Sending to chat ID #6198316556... SUCCESS
Sending to chat ID #6261599610... SUCCESS
Sending to chat ID #7447069680... SUCCESS
Sending to chat ID #6203194826... SUCCESS
Sending to chat ID #6357544409... SUCCESS
Sending to chat ID #1298859545... SUCCESS
Sending to chat ID #6636073504... FAILED: Forbidden: bot was blocked by the user
Sending to chat ID #6387915397... FAILED: Forbidden: bot was blocked by the user
Sending to chat ID #5032504374... SUCCESS
Sending to chat ID #7007002720... SUCCESS
Sending to chat ID #6736994920... SUCCESS
Sending to chat ID #6464266454... SUCCESS
Sending to chat ID #5445758812... FAILED: Forbidden: bot was blocked by the user
Sending to chat ID #5616442538... SUCCESS
Sending to chat ID #5062174710... SUCCESS
Marking trades completed. Headless broadcast finished! Sent: 14 message(s).
{"success":true,"sent_count":14}Loading FPDF library from: /home/sairedd1/public_html/plot/../fpdf.php
Adding page for trade #8534 with chart trade_8534.png...
Adding page for trade #8530 with chart trade_8530.png...
Adding page for trade #8529 with chart trade_8529.png...
Adding page for trade #8528 with chart trade_8528.png...
Adding page for trade #8527 with chart trade_8527.png...
Adding page for trade #8526 with chart trade_8526.png...
Adding page for trade #8525 with chart trade_8525.png...
Adding page for trade #8524 with chart trade_8524.png...
Adding page for trade #8523 with chart trade_8523.png...
Adding page for trade #8522 with chart trade_8522.png...
Adding page for trade #8521 with chart trade_8521.png...
Adding page for trade #8520 with chart trade_8520.png...
Adding page for trade #8519 with chart trade_8519.png...
Adding page for trade #8518 with chart trade_8518.png...
Adding page for trade #8516 with chart trade_8516.png...
Adding page for trade #8515 with chart trade_8515.png...
PDF compiled successfully with 16 page(s).
Saving PDF report to: /home/sairedd1/public_html/plot/temp_images/daily_trades_20260701_161505.pdf
PDF saved successfully. File size: 172817 bytes.
Sending PDF report via Telegram Bot API to 17 subscribers...
Sending to chat ID #655708526... SUCCESS
Sending to chat ID #1445102332... SUCCESS
Sending to chat ID #6198316556... SUCCESS
Sending to chat ID #6261599610... SUCCESS
Sending to chat ID #7447069680... SUCCESS
Sending to chat ID #6203194826... SUCCESS
Sending to chat ID #6357544409... SUCCESS
Sending to chat ID #1298859545... SUCCESS
Sending to chat ID #6636073504... FAILED: Forbidden: bot was blocked by the user
Sending to chat ID #6387915397... FAILED: Forbidden: bot was blocked by the user
Sending to chat ID #5032504374... SUCCESS
Sending to chat ID #7007002720... SUCCESS
Sending to chat ID #6736994920... SUCCESS
Sending to chat ID #6464266454... SUCCESS
Sending to chat ID #5445758812... FAILED: Forbidden: bot was blocked by the user
Sending to chat ID #5616442538... SUCCESS
Sending to chat ID #5062174710... SUCCESS
Marking trades completed. Headless broadcast finished! Sent: 14 message(s).
{"success":true,"sent_count":14}Loading FPDF library from: /home/sairedd1/public_html/plot/../fpdf.php
Adding page for trade #8562 with chart trade_8562.png...
Adding page for trade #8561 with chart trade_8561.png...
Adding page for trade #8560 with chart trade_8560.png...
Adding page for trade #8557 with chart trade_8557.png...
Adding page for trade #8554 with chart trade_8554.png...
Adding page for trade #8553 with chart trade_8553.png...
Adding page for trade #8552 with chart trade_8552.png...
Adding page for trade #8551 with chart trade_8551.png...
Adding page for trade #8549 with chart trade_8549.png...
Adding page for trade #8548 with chart trade_8548.png...
Adding page for trade #8547 with chart trade_8547.png...
Adding page for trade #8546 with chart trade_8546.png...
Adding page for trade #8544 with chart trade_8544.png...
Adding page for trade #8540 with chart trade_8540.png...
Adding page for trade #8539 with chart trade_8539.png...
Adding page for trade #8536 with chart trade_8536.png...
PDF compiled successfully with 16 page(s).
Saving PDF report to: /home/sairedd1/public_html/plot/temp_images/daily_trades_20260702_161504.pdf
PDF saved successfully. File size: 175642 bytes.
Sending PDF report via Telegram Bot API to 17 subscribers...
Sending to chat ID #655708526... SUCCESS
Sending to chat ID #1445102332... SUCCESS
Sending to chat ID #6198316556... SUCCESS
Sending to chat ID #6261599610... SUCCESS
Sending to chat ID #7447069680... SUCCESS
Sending to chat ID #6203194826... SUCCESS
Sending to chat ID #6357544409... SUCCESS
Sending to chat ID #1298859545... SUCCESS
Sending to chat ID #6636073504... FAILED: Forbidden: bot was blocked by the user
Sending to chat ID #6387915397... FAILED: Forbidden: bot was blocked by the user
Sending to chat ID #5032504374... SUCCESS
Sending to chat ID #7007002720... SUCCESS
Sending to chat ID #6736994920... SUCCESS
Sending to chat ID #6464266454... SUCCESS
Sending to chat ID #5445758812... FAILED: Forbidden: bot was blocked by the user
Sending to chat ID #5616442538... SUCCESS
Sending to chat ID #5062174710... SUCCESS
Marking trades completed. Headless broadcast finished! Sent: 14 message(s).
{"success":true,"sent_count":14}Loading FPDF library from: /home/sairedd1/public_html/plot/../fpdf.php
Adding page for trade #8567 with chart trade_8567.png...
Adding page for trade #8566 with chart trade_8566.png...
Adding page for trade #8565 with chart trade_8565.png...
PDF compiled successfully with 3 page(s).
Saving PDF report to: /home/sairedd1/public_html/plot/temp_images/daily_trades_20260703_161504.pdf
PDF saved successfully. File size: 32562 bytes.
Sending PDF report via Telegram Bot API to 17 subscribers...
Sending to chat ID #655708526... SUCCESS
Sending to chat ID #1445102332... SUCCESS
Sending to chat ID #6198316556... SUCCESS
Sending to chat ID #6261599610... SUCCESS
Sending to chat ID #7447069680... SUCCESS
Sending to chat ID #6203194826... SUCCESS
Sending to chat ID #6357544409... SUCCESS
Sending to chat ID #1298859545... SUCCESS
Sending to chat ID #6636073504... FAILED: Forbidden: bot was blocked by the user
Sending to chat ID #6387915397... FAILED: Forbidden: bot was blocked by the user
Sending to chat ID #5032504374... SUCCESS
Sending to chat ID #7007002720... SUCCESS
Sending to chat ID #6736994920... SUCCESS
Sending to chat ID #6464266454... SUCCESS
Sending to chat ID #5445758812... FAILED: Forbidden: bot was blocked by the user
Sending to chat ID #5616442538... SUCCESS
Sending to chat ID #5062174710... SUCCESS
Marking trades completed. Headless broadcast finished! Sent: 14 message(s).
{"success":true,"sent_count":14}Loading FPDF library from: /home/sairedd1/public_html/plot/../fpdf.php
Adding page for trade #8577 with chart trade_8577.png...
Adding page for trade #8574 with chart trade_8574.png...
Adding page for trade #8573 with chart trade_8573.png...
Adding page for trade #8572 with chart trade_8572.png...
Adding page for trade #8571 with chart trade_8571.png...
PDF compiled successfully with 5 page(s).
Saving PDF report to: /home/sairedd1/public_html/plot/temp_images/daily_trades_20260706_161504.pdf
PDF saved successfully. File size: 53463 bytes.
Sending PDF report via Telegram Bot API to 18 subscribers...
Sending to chat ID #655708526... SUCCESS
Sending to chat ID #1445102332... SUCCESS
Sending to chat ID #6198316556... SUCCESS
Sending to chat ID #6261599610... SUCCESS
Sending to chat ID #7447069680... SUCCESS
Sending to chat ID #6203194826... SUCCESS
Sending to chat ID #6357544409... SUCCESS
Sending to chat ID #1298859545... SUCCESS
Sending to chat ID #6636073504... FAILED: Forbidden: bot was blocked by the user
Sending to chat ID #6387915397... FAILED: Forbidden: bot was blocked by the user
Sending to chat ID #5032504374... SUCCESS
Sending to chat ID #7007002720... SUCCESS
Sending to chat ID #6736994920... SUCCESS
Sending to chat ID #6464266454... SUCCESS
Sending to chat ID #5445758812... FAILED: Forbidden: bot was blocked by the user
Sending to chat ID #5616442538... SUCCESS
Sending to chat ID #5062174710... SUCCESS
Sending to chat ID #5969275283... FAILED: Bad Request: chat not found
Marking trades completed. Headless broadcast finished! Sent: 14 message(s).
{"success":true,"sent_count":14}Loading FPDF library from: /home/sairedd1/public_html/plot/../fpdf.php
Adding page for trade #8581 with chart trade_8581.png...
Adding page for trade #8579 with chart trade_8579.png...
Adding page for trade #8578 with chart trade_8578.png...
PDF compiled successfully with 3 page(s).
Saving PDF report to: /home/sairedd1/public_html/plot/temp_images/daily_trades_20260707_161504.pdf
PDF saved successfully. File size: 33602 bytes.
Sending PDF report via Telegram Bot API to 18 subscribers...
Sending to chat ID #655708526... SUCCESS
Sending to chat ID #1445102332... SUCCESS
Sending to chat ID #6198316556... SUCCESS
Sending to chat ID #6261599610... SUCCESS
Sending to chat ID #7447069680... SUCCESS
Sending to chat ID #6203194826... SUCCESS
Sending to chat ID #6357544409... SUCCESS
Sending to chat ID #1298859545... SUCCESS
Sending to chat ID #6636073504... FAILED: Forbidden: bot was blocked by the user
Sending to chat ID #6387915397... FAILED: Forbidden: bot was blocked by the user
Sending to chat ID #5032504374... SUCCESS
Sending to chat ID #7007002720... SUCCESS
Sending to chat ID #6736994920... SUCCESS
Sending to chat ID #6464266454... SUCCESS
Sending to chat ID #5445758812... FAILED: Forbidden: bot was blocked by the user
Sending to chat ID #5616442538... SUCCESS
Sending to chat ID #5062174710... SUCCESS
Sending to chat ID #5969275283... FAILED: Bad Request: chat not found
Marking trades completed. Headless broadcast finished! Sent: 14 message(s).
{"success":true,"sent_count":14}Loading FPDF library from: /home/sairedd1/public_html/plot/../fpdf.php
Adding page for trade #8615 with chart trade_8615.png...
Adding page for trade #8612 with chart trade_8612.png...
Adding page for trade #8611 with chart trade_8611.png...
Adding page for trade #8608 with chart trade_8608.png...
Adding page for trade #8604 with chart trade_8604.png...
Adding page for trade #8603 with chart trade_8603.png...
Adding page for trade #8602 with chart trade_8602.png...
Adding page for trade #8601 with chart trade_8601.png...
Adding page for trade #8600 with chart trade_8600.png...
Adding page for trade #8599 with chart trade_8599.png...
Adding page for trade #8597 with chart trade_8597.png...
Adding page for trade #8595 with chart trade_8595.png...
Adding page for trade #8593 with chart trade_8593.png...
Adding page for trade #8591 with chart trade_8591.png...
Adding page for trade #8590 with chart trade_8590.png...
Adding page for trade #8589 with chart trade_8589.png...
Adding page for trade #8588 with chart trade_8588.png...
PDF compiled successfully with 17 page(s).
Saving PDF report to: /home/sairedd1/public_html/plot/temp_images/daily_trades_20260708_161505.pdf
PDF saved successfully. File size: 185517 bytes.
Sending PDF report via Telegram Bot API to 18 subscribers...
Sending to chat ID #655708526... SUCCESS
Sending to chat ID #1445102332... SUCCESS
Sending to chat ID #6198316556... SUCCESS
Sending to chat ID #6261599610... SUCCESS
Sending to chat ID #7447069680... SUCCESS
Sending to chat ID #6203194826... SUCCESS
Sending to chat ID #6357544409... SUCCESS
Sending to chat ID #1298859545... SUCCESS
Sending to chat ID #6636073504... FAILED: Forbidden: bot was blocked by the user
Sending to chat ID #6387915397... FAILED: Forbidden: bot was blocked by the user
Sending to chat ID #5032504374... SUCCESS
Sending to chat ID #7007002720... SUCCESS
Sending to chat ID #6736994920... SUCCESS
Sending to chat ID #6464266454... SUCCESS
Sending to chat ID #5445758812... FAILED: Forbidden: bot was blocked by the user
Sending to chat ID #5616442538... SUCCESS
Sending to chat ID #5062174710... SUCCESS
Sending to chat ID #5969275283... FAILED: Bad Request: chat not found
Marking trades completed. Headless broadcast finished! Sent: 14 message(s).
{"success":true,"sent_count":14}Loading FPDF library from: /home/sairedd1/public_html/plot/../fpdf.php
Adding page for trade #8639 with chart trade_8639.png...
Adding page for trade #8638 with chart trade_8638.png...
Adding page for trade #8637 with chart trade_8637.png...
Adding page for trade #8636 with chart trade_8636.png...
Adding page for trade #8635 with chart trade_8635.png...
Adding page for trade #8632 with chart trade_8632.png...
Adding page for trade #8631 with chart trade_8631.png...
Adding page for trade #8630 with chart trade_8630.png...
Adding page for trade #8629 with chart trade_8629.png...
Adding page for trade #8628 with chart trade_8628.png...
Adding page for trade #8626 with chart trade_8626.png...
Adding page for trade #8625 with chart trade_8625.png...
Adding page for trade #8624 with chart trade_8624.png...
Adding page for trade #8622 with chart trade_8622.png...
Adding page for trade #8621 with chart trade_8621.png...
Adding page for trade #8620 with chart trade_8620.png...
Adding page for trade #8619 with chart trade_8619.png...
Adding page for trade #8617 with chart trade_8617.png...
PDF compiled successfully with 18 page(s).
Saving PDF report to: /home/sairedd1/public_html/plot/temp_images/daily_trades_20260709_161504.pdf
PDF saved successfully. File size: 206478 bytes.
Sending PDF report via Telegram Bot API to 18 subscribers...
Sending to chat ID #655708526... SUCCESS
Sending to chat ID #1445102332... SUCCESS
Sending to chat ID #6198316556... SUCCESS
Sending to chat ID #6261599610... SUCCESS
Sending to chat ID #7447069680... SUCCESS
Sending to chat ID #6203194826... SUCCESS
Sending to chat ID #6357544409... SUCCESS
Sending to chat ID #1298859545... SUCCESS
Sending to chat ID #6636073504... FAILED: Forbidden: bot was blocked by the user
Sending to chat ID #6387915397... FAILED: Forbidden: bot was blocked by the user
Sending to chat ID #5032504374... SUCCESS
Sending to chat ID #7007002720... SUCCESS
Sending to chat ID #6736994920... SUCCESS
Sending to chat ID #6464266454... SUCCESS
Sending to chat ID #5445758812... FAILED: Forbidden: bot was blocked by the user
Sending to chat ID #5616442538... SUCCESS
Sending to chat ID #5062174710... SUCCESS
Sending to chat ID #5969275283... FAILED: Bad Request: chat not found
Marking trades completed. Headless broadcast finished! Sent: 14 message(s).
{"success":true,"sent_count":14}Loading FPDF library from: /home/sairedd1/public_html/plot/../fpdf.php
Adding page for trade #8662 with chart trade_8662.png...
Adding page for trade #8661 with chart trade_8661.png...
Adding page for trade #8658 with chart trade_8658.png...
Adding page for trade #8657 with chart trade_8657.png...
Adding page for trade #8653 with chart trade_8653.png...
Adding page for trade #8652 with chart trade_8652.png...
Adding page for trade #8651 with chart trade_8651.png...
Adding page for trade #8650 with chart trade_8650.png...
Adding page for trade #8648 with chart trade_8648.png...
Adding page for trade #8647 with chart trade_8647.png...
Adding page for trade #8645 with chart trade_8645.png...
Adding page for trade #8644 with chart trade_8644.png...
Adding page for trade #8643 with chart trade_8643.png...
PDF compiled successfully with 13 page(s).
Saving PDF report to: /home/sairedd1/public_html/plot/temp_images/daily_trades_20260710_161505.pdf
PDF saved successfully. File size: 138724 bytes.
Sending PDF report via Telegram Bot API to 18 subscribers...
Sending to chat ID #655708526... SUCCESS
Sending to chat ID #1445102332... SUCCESS
Sending to chat ID #6198316556... SUCCESS
Sending to chat ID #6261599610... SUCCESS
Sending to chat ID #7447069680... SUCCESS
Sending to chat ID #6203194826... SUCCESS
Sending to chat ID #6357544409... SUCCESS
Sending to chat ID #1298859545... SUCCESS
Sending to chat ID #6636073504... FAILED: Forbidden: bot was blocked by the user
Sending to chat ID #6387915397... FAILED: Forbidden: bot was blocked by the user
Sending to chat ID #5032504374... SUCCESS
Sending to chat ID #7007002720... SUCCESS
Sending to chat ID #6736994920... SUCCESS
Sending to chat ID #6464266454... SUCCESS
Sending to chat ID #5445758812... FAILED: Forbidden: bot was blocked by the user
Sending to chat ID #5616442538... SUCCESS
Sending to chat ID #5062174710... SUCCESS
Sending to chat ID #5969275283... FAILED: Bad Request: chat not found
Marking trades completed. Headless broadcast finished! Sent: 14 message(s).
{"success":true,"sent_count":14}Loading FPDF library from: /home/sairedd1/public_html/plot/../fpdf.php
Adding page for trade #8676 with chart trade_8676.png...
Adding page for trade #8673 with chart trade_8673.png...
Adding page for trade #8672 with chart trade_8672.png...
Adding page for trade #8670 with chart trade_8670.png...
Adding page for trade #8669 with chart trade_8669.png...
Adding page for trade #8668 with chart trade_8668.png...
Adding page for trade #8665 with chart trade_8665.png...
PDF compiled successfully with 7 page(s).
Saving PDF report to: /home/sairedd1/public_html/plot/temp_images/daily_trades_20260713_161504.pdf
PDF saved successfully. File size: 77363 bytes.
Sending PDF report via Telegram Bot API to 18 subscribers...
Sending to chat ID #655708526... SUCCESS
Sending to chat ID #1445102332... SUCCESS
Sending to chat ID #6198316556... SUCCESS
Sending to chat ID #6261599610... SUCCESS
Sending to chat ID #7447069680... SUCCESS
Sending to chat ID #6203194826... SUCCESS
Sending to chat ID #6357544409... SUCCESS
Sending to chat ID #1298859545... SUCCESS
Sending to chat ID #6636073504... FAILED: Forbidden: bot was blocked by the user
Sending to chat ID #6387915397... FAILED: Forbidden: bot was blocked by the user
Sending to chat ID #5032504374... SUCCESS
Sending to chat ID #7007002720... SUCCESS
Sending to chat ID #6736994920... SUCCESS
Sending to chat ID #6464266454... SUCCESS
Sending to chat ID #5445758812... FAILED: Forbidden: bot was blocked by the user
Sending to chat ID #5616442538... SUCCESS
Sending to chat ID #5062174710... SUCCESS
Sending to chat ID #5969275283... FAILED: Bad Request: chat not found
Marking trades completed. Headless broadcast finished! Sent: 14 message(s).
{"success":true,"sent_count":14}Loading FPDF library from: /home/sairedd1/public_html/plot/../fpdf.php
Adding page for trade #8705 with chart trade_8705.png...
Adding page for trade #8701 with chart trade_8701.png...
Adding page for trade #8700 with chart trade_8700.png...
Adding page for trade #8697 with chart trade_8697.png...
Adding page for trade #8695 with chart trade_8695.png...
Adding page for trade #8692 with chart trade_8692.png...
Adding page for trade #8691 with chart trade_8691.png...
Adding page for trade #8690 with chart trade_8690.png...
Adding page for trade #8689 with chart trade_8689.png...
PDF compiled successfully with 9 page(s).
Saving PDF report to: /home/sairedd1/public_html/plot/temp_images/daily_trades_20260714_161504.pdf
PDF saved successfully. File size: 94690 bytes.
Sending PDF report via Telegram Bot API to 18 subscribers...
Sending to chat ID #655708526... SUCCESS
Sending to chat ID #1445102332... SUCCESS
Sending to chat ID #6198316556... SUCCESS
Sending to chat ID #6261599610... SUCCESS
Sending to chat ID #7447069680... SUCCESS
Sending to chat ID #6203194826... SUCCESS
Sending to chat ID #6357544409... SUCCESS
Sending to chat ID #1298859545... SUCCESS
Sending to chat ID #6636073504... FAILED: Forbidden: bot was blocked by the user
Sending to chat ID #6387915397... FAILED: Forbidden: bot was blocked by the user
Sending to chat ID #5032504374... SUCCESS
Sending to chat ID #7007002720... SUCCESS
Sending to chat ID #6736994920... SUCCESS
Sending to chat ID #6464266454... SUCCESS
Sending to chat ID #5445758812... FAILED: Forbidden: bot was blocked by the user
Sending to chat ID #5616442538... SUCCESS
Sending to chat ID #5062174710... SUCCESS
Sending to chat ID #5969275283... FAILED: Bad Request: chat not found
Marking trades completed. Headless broadcast finished! Sent: 14 message(s).
{"success":true,"sent_count":14}Loading FPDF library from: /home/sairedd1/public_html/plot/../fpdf.php
Adding page for trade #8722 with chart trade_8722.png...
Adding page for trade #8721 with chart trade_8721.png...
Adding page for trade #8717 with chart trade_8717.png...
PDF compiled successfully with 3 page(s).
Saving PDF report to: /home/sairedd1/public_html/plot/temp_images/daily_trades_20260715_161503.pdf
PDF saved successfully. File size: 36687 bytes.
Sending PDF report via Telegram Bot API to 19 subscribers...
Sending to chat ID #655708526... SUCCESS
Sending to chat ID #1445102332... SUCCESS
Sending to chat ID #6198316556... SUCCESS
Sending to chat ID #6261599610... SUCCESS
Sending to chat ID #7447069680... SUCCESS
Sending to chat ID #6203194826... SUCCESS
Sending to chat ID #6357544409... SUCCESS
Sending to chat ID #1298859545... SUCCESS
Sending to chat ID #6636073504... FAILED: Forbidden: bot was blocked by the user
Sending to chat ID #6387915397... FAILED: Forbidden: bot was blocked by the user
Sending to chat ID #5032504374... SUCCESS
Sending to chat ID #7007002720... SUCCESS
Sending to chat ID #6736994920... SUCCESS
Sending to chat ID #6464266454... SUCCESS
Sending to chat ID #5445758812... FAILED: Forbidden: bot was blocked by the user
Sending to chat ID #5616442538... SUCCESS
Sending to chat ID #5062174710... SUCCESS
Sending to chat ID #5969275283... FAILED: Bad Request: chat not found
Sending to chat ID #8127293390... SUCCESS
Marking trades completed. Headless broadcast finished! Sent: 15 message(s).
{"success":true,"sent_count":15}Loading FPDF library from: /home/sairedd1/public_html/plot/../fpdf.php
Adding page for trade #8742 with chart trade_8742.png...
Adding page for trade #8740 with chart trade_8740.png...
PDF compiled successfully with 2 page(s).
Saving PDF report to: /home/sairedd1/public_html/plot/temp_images/daily_trades_20260716_161503.pdf
PDF saved successfully. File size: 20707 bytes.
Sending PDF report via Telegram Bot API to 19 subscribers...
Sending to chat ID #655708526... SUCCESS
Sending to chat ID #1445102332... SUCCESS
Sending to chat ID #6198316556... SUCCESS
Sending to chat ID #6261599610... SUCCESS
Sending to chat ID #7447069680... SUCCESS
Sending to chat ID #6203194826... SUCCESS
Sending to chat ID #6357544409... SUCCESS
Sending to chat ID #1298859545... SUCCESS
Sending to chat ID #6636073504... FAILED: Forbidden: bot was blocked by the user
Sending to chat ID #6387915397... FAILED: Forbidden: bot was blocked by the user
Sending to chat ID #5032504374... SUCCESS
Sending to chat ID #7007002720... SUCCESS
Sending to chat ID #6736994920... SUCCESS
Sending to chat ID #6464266454... SUCCESS
Sending to chat ID #5445758812... FAILED: Forbidden: bot was blocked by the user
Sending to chat ID #5616442538... SUCCESS
Sending to chat ID #5062174710... SUCCESS
Sending to chat ID #5969275283... FAILED: Bad Request: chat not found
Sending to chat ID #8127293390... SUCCESS
Marking trades completed. Headless broadcast finished! Sent: 15 message(s).
{"success":true,"sent_count":15}Loading FPDF library from: /home/sairedd1/public_html/plot/../fpdf.php
Adding page for trade #8770 with chart trade_8770.png...
Adding page for trade #8769 with chart trade_8769.png...
Adding page for trade #8768 with chart trade_8768.png...
Adding page for trade #8767 with chart trade_8767.png...
Adding page for trade #8760 with chart trade_8760.png...
Adding page for trade #8759 with chart trade_8759.png...
Adding page for trade #8758 with chart trade_8758.png...
Adding page for trade #8756 with chart trade_8756.png...
Adding page for trade #8755 with chart trade_8755.png...
Adding page for trade #8754 with chart trade_8754.png...
Adding page for trade #8753 with chart trade_8753.png...
Adding page for trade #8752 with chart trade_8752.png...
Adding page for trade #8746 with chart trade_8746.png...
Adding page for trade #8745 with chart trade_8745.png...
PDF compiled successfully with 14 page(s).
Saving PDF report to: /home/sairedd1/public_html/plot/temp_images/daily_trades_20260717_161505.pdf
PDF saved successfully. File size: 152866 bytes.
Sending PDF report via Telegram Bot API to 19 subscribers...
Sending to chat ID #655708526... SUCCESS
Sending to chat ID #1445102332... SUCCESS
Sending to chat ID #6198316556... SUCCESS
Sending to chat ID #6261599610... SUCCESS
Sending to chat ID #7447069680... SUCCESS
Sending to chat ID #6203194826... SUCCESS
Sending to chat ID #6357544409... SUCCESS
Sending to chat ID #1298859545... SUCCESS
Sending to chat ID #6636073504... SUCCESS
Sending to chat ID #6387915397... FAILED: Forbidden: bot was blocked by the user
Sending to chat ID #5032504374... SUCCESS
Sending to chat ID #7007002720... SUCCESS
Sending to chat ID #6736994920... SUCCESS
Sending to chat ID #6464266454... SUCCESS
Sending to chat ID #5445758812... FAILED: Forbidden: bot was blocked by the user
Sending to chat ID #5616442538... SUCCESS
Sending to chat ID #5062174710... SUCCESS
Sending to chat ID #5969275283... FAILED: Bad Request: chat not found
Sending to chat ID #8127293390... SUCCESS
Marking trades completed. Headless broadcast finished! Sent: 16 message(s).
{"success":true,"sent_count":16}